Component: ARM Compiler 5.06 update 6 (build 750) Tool: armlink [4d35ed]

==============================================================================

Section Cross References

    startup_stm32f411xe.o(RESET) refers to startup_stm32f411xe.o(STACK) for __initial_sp
    startup_stm32f411xe.o(RESET) refers to startup_stm32f411xe.o(.text) for Reset_Handler
    startup_stm32f411xe.o(RESET) refers to stm32f4xx_it.o(i.NMI_Handler) for NMI_Handler
    startup_stm32f411xe.o(RESET) refers to stm32f4xx_it.o(i.HardFault_Handler) for HardFault_Handler
    startup_stm32f411xe.o(RESET) refers to stm32f4xx_it.o(i.MemManage_Handler) for MemManage_Handler
    startup_stm32f411xe.o(RESET) refers to stm32f4xx_it.o(i.BusFault_Handler) for BusFault_Handler
    startup_stm32f411xe.o(RESET) refers to stm32f4xx_it.o(i.UsageFault_Handler) for UsageFault_Handler
    startup_stm32f411xe.o(RESET) refers to port.o(.emb_text) for SVC_Handler
    startup_stm32f411xe.o(RESET) refers to stm32f4xx_it.o(i.DebugMon_Handler) for DebugMon_Handler
    startup_stm32f411xe.o(RESET) refers to stm32f4xx_it.o(i.SysTick_Handler) for SysTick_Handler
    startup_stm32f411xe.o(RESET) refers to stm32f4xx_it.o(i.DMA1_Stream0_IRQHandler) for DMA1_Stream0_IRQHandler
    startup_stm32f411xe.o(RESET) refers to stm32f4xx_it.o(i.DMA1_Stream1_IRQHandler) for DMA1_Stream1_IRQHandler
    startup_stm32f411xe.o(RESET) refers to stm32f4xx_it.o(i.I2C1_EV_IRQHandler) for I2C1_EV_IRQHandler
    startup_stm32f411xe.o(RESET) refers to stm32f4xx_it.o(i.I2C1_ER_IRQHandler) for I2C1_ER_IRQHandler
    startup_stm32f411xe.o(.text) refers to system_stm32f4xx.o(i.SystemInit) for SystemInit
    startup_stm32f411xe.o(.text) refers to entry.o(.ARM.Collect$$$$00000000) for __main
    i2c-lcd.o(i.lcd_init) refers to i2c-lcd.o(i.lcd_send_cmd) for lcd_send_cmd
    i2c-lcd.o(i.lcd_send_cmd) refers to stm32f4xx_hal_i2c.o(i.HAL_I2C_Master_Transmit) for HAL_I2C_Master_Transmit
    i2c-lcd.o(i.lcd_send_cmd) refers to main.o(.bss) for hi2c1
    i2c-lcd.o(i.lcd_send_data) refers to stm32f4xx_hal_i2c.o(i.HAL_I2C_Master_Transmit) for HAL_I2C_Master_Transmit
    i2c-lcd.o(i.lcd_send_data) refers to main.o(.bss) for hi2c1
    i2c-lcd.o(i.lcd_send_string) refers to i2c-lcd.o(i.lcd_send_data) for lcd_send_data
    main.o(i.MX_I2C1_Init) refers to stm32f4xx_hal_i2c.o(i.HAL_I2C_Init) for HAL_I2C_Init
    main.o(i.MX_I2C1_Init) refers to main.o(.bss) for .bss
    main.o(i.StartDefaultTask) refers to lcd_hd44780_i2c.o(i.lcdInit) for lcdInit
    main.o(i.StartDefaultTask) refers to lcd_hd44780_i2c.o(i.lcdPrintStr) for lcdPrintStr
    main.o(i.StartDefaultTask) refers to lcd_hd44780_i2c.o(i.lcdSetCursorPosition) for lcdSetCursorPosition
    main.o(i.StartDefaultTask) refers to tasks.o(i.vTaskDelay) for vTaskDelay
    main.o(i.StartDefaultTask) refers to main.o(.bss) for .bss
    main.o(i.SystemClock_Config) refers to stm32f4xx_hal_rcc.o(i.HAL_RCC_OscConfig) for HAL_RCC_OscConfig
    main.o(i.SystemClock_Config) refers to stm32f4xx_hal_rcc.o(i.HAL_RCC_ClockConfig) for HAL_RCC_ClockConfig
    main.o(i.SystemClock_Config) refers to stm32f4xx_hal_rcc.o(i.HAL_RCC_GetHCLKFreq) for HAL_RCC_GetHCLKFreq
    main.o(i.SystemClock_Config) refers to stm32f4xx_hal_cortex.o(i.HAL_SYSTICK_Config) for HAL_SYSTICK_Config
    main.o(i.SystemClock_Config) refers to stm32f4xx_hal_cortex.o(i.HAL_SYSTICK_CLKSourceConfig) for HAL_SYSTICK_CLKSourceConfig
    main.o(i.SystemClock_Config) refers to stm32f4xx_hal_cortex.o(i.HAL_NVIC_SetPriority) for HAL_NVIC_SetPriority
    main.o(i.main) refers to stm32f4xx_hal.o(i.HAL_Init) for HAL_Init
    main.o(i.main) refers to main.o(i.SystemClock_Config) for SystemClock_Config
    main.o(i.main) refers to stm32f4xx_hal_cortex.o(i.HAL_NVIC_SetPriority) for HAL_NVIC_SetPriority
    main.o(i.main) refers to stm32f4xx_hal_cortex.o(i.HAL_NVIC_EnableIRQ) for HAL_NVIC_EnableIRQ
    main.o(i.main) refers to main.o(i.MX_I2C1_Init) for MX_I2C1_Init
    main.o(i.main) refers to memcpya.o(.text) for __aeabi_memcpy4
    main.o(i.main) refers to cmsis_os.o(i.osThreadCreate) for osThreadCreate
    main.o(i.main) refers to cmsis_os.o(i.osKernelStart) for osKernelStart
    main.o(i.main) refers to main.o(.constdata) for .constdata
    main.o(i.main) refers to main.o(.data) for .data
    main.o(.constdata) refers to main.o(.conststring) for .conststring
    main.o(.constdata) refers to main.o(i.StartDefaultTask) for StartDefaultTask
    stm32f4xx_it.o(i.DMA1_Stream0_IRQHandler) refers to stm32f4xx_hal_dma.o(i.HAL_DMA_IRQHandler) for HAL_DMA_IRQHandler
    stm32f4xx_it.o(i.DMA1_Stream0_IRQHandler) refers to main.o(.bss) for hdma_i2c1_rx
    stm32f4xx_it.o(i.DMA1_Stream1_IRQHandler) refers to stm32f4xx_hal_dma.o(i.HAL_DMA_IRQHandler) for HAL_DMA_IRQHandler
    stm32f4xx_it.o(i.DMA1_Stream1_IRQHandler) refers to main.o(.bss) for hdma_i2c1_tx
    stm32f4xx_it.o(i.I2C1_ER_IRQHandler) refers to stm32f4xx_hal_i2c.o(i.HAL_I2C_ER_IRQHandler) for HAL_I2C_ER_IRQHandler
[...]
    Removing stm32f4xx_hal_i2c.o(i.I2C_MasterRequestRead), (222 bytes).
    Removing stm32f4xx_hal_i2c.o(i.I2C_MasterRequestWrite), (148 bytes).
    Removing stm32f4xx_hal_i2c.o(i.I2C_RequestMemoryRead), (240 bytes).
    Removing stm32f4xx_hal_i2c.o(i.I2C_RequestMemoryWrite), (160 bytes).
    Removing stm32f4xx_hal_i2c.o(i.I2C_WaitOnBTFFlagUntilTimeout), (78 bytes).
    Removing stm32f4xx_hal_i2c.o(i.I2C_WaitOnFlagUntilTimeout), (96 bytes).
    Removing stm32f4xx_hal_i2c.o(i.I2C_WaitOnMasterAddressFlagUntilTimeout), (136 bytes).
    Removing stm32f4xx_hal_i2c.o(i.I2C_WaitOnRXNEFlagUntilTimeout), (98 bytes).
    Removing stm32f4xx_hal_i2c.o(i.I2C_WaitOnTXEFlagUntilTimeout), (78 bytes).
    Removing stm32f4xx_hal_i2c_ex.o(.rev16_text), (4 bytes).
    Removing stm32f4xx_hal_i2c_ex.o(.revsh_text), (4 bytes).
    Removing stm32f4xx_hal_i2c_ex.o(.rrx_text), (6 bytes).
    Removing stm32f4xx_hal_i2c_ex.o(i.HAL_I2CEx_ConfigAnalogFilter), (66 bytes).
    Removing stm32f4xx_hal_i2c_ex.o(i.HAL_I2CEx_ConfigDigitalFilter), (62 bytes).
    Removing stm32f4xx_hal_tim.o(.rev16_text), (4 bytes).
    Removing stm32f4xx_hal_tim.o(.revsh_text), (4 bytes).
    Removing stm32f4xx_hal_tim.o(.rrx_text), (6 bytes).
    Removing stm32f4xx_hal_tim_ex.o(.rev16_text), (4 bytes).
    Removing stm32f4xx_hal_tim_ex.o(.revsh_text), (4 bytes).
    Removing stm32f4xx_hal_tim_ex.o(.rrx_text), (6 bytes).
    Removing stm32f4xx_hal_rcc.o(.rev16_text), (4 bytes).
    Removing stm32f4xx_hal_rcc.o(.revsh_text), (4 bytes).
    Removing stm32f4xx_hal_rcc.o(.rrx_text), (6 bytes).
    Removing stm32f4xx_hal_rcc.o(i.HAL_RCC_CSSCallback), (2 bytes).
    Removing stm32f4xx_hal_rcc.o(i.HAL_RCC_DeInit), (4 bytes).
    Removing stm32f4xx_hal_rcc.o(i.HAL_RCC_DisableCSS), (12 bytes).
    Removing stm32f4xx_hal_rcc.o(i.HAL_RCC_EnableCSS), (12 bytes).
    Removing stm32f4xx_hal_rcc.o(i.HAL_RCC_GetClockConfig), (64 bytes).
    Removing stm32f4xx_hal_rcc.o(i.HAL_RCC_GetOscConfig), (180 bytes).
    Removing stm32f4xx_hal_rcc.o(i.HAL_RCC_GetPCLK2Freq), (32 bytes).
    Removing stm32f4xx_hal_rcc.o(i.HAL_RCC_MCOConfig), (140 bytes).
    Removing stm32f4xx_hal_rcc.o(i.HAL_RCC_NMI_IRQHandler), (28 bytes).
    Removing stm32f4xx_hal_rcc_ex.o(.rev16_text), (4 bytes).
    Removing stm32f4xx_hal_rcc_ex.o(.revsh_text), (4 bytes).
    Removing stm32f4xx_hal_rcc_ex.o(.rrx_text), (6 bytes).
    Removing stm32f4xx_hal_rcc_ex.o(i.HAL_RCCEx_DisablePLLI2S), (52 bytes).
    Removing stm32f4xx_hal_rcc_ex.o(i.HAL_RCCEx_EnablePLLI2S), (108 bytes).
    Removing stm32f4xx_hal_rcc_ex.o(i.HAL_RCCEx_GetPeriphCLKConfig), (80 bytes).
    Removing stm32f4xx_hal_rcc_ex.o(i.HAL_RCCEx_GetPeriphCLKFreq), (96 bytes).
    Removing stm32f4xx_hal_rcc_ex.o(i.HAL_RCCEx_PeriphCLKConfig), (340 bytes).
    Removing stm32f4xx_hal_rcc_ex.o(i.HAL_RCCEx_SelectLSEMode), (28 bytes).
    Removing stm32f4xx_hal_rcc_ex.o(i.HAL_RCC_DeInit), (304 bytes).
    Removing stm32f4xx_hal_flash.o(.rev16_text), (4 bytes).
    Removing stm32f4xx_hal_flash.o(.revsh_text), (4 bytes).
    Removing stm32f4xx_hal_flash.o(.rrx_text), (6 bytes).
    Removing stm32f4xx_hal_flash.o(i.FLASH_Program_Byte), (32 bytes).
    Removing stm32f4xx_hal_flash.o(i.FLASH_Program_DoubleWord), (40 bytes).
    Removing stm32f4xx_hal_flash.o(i.FLASH_Program_HalfWord), (36 bytes).
    Removing stm32f4xx_hal_flash.o(i.FLASH_Program_Word), (36 bytes).
    Removing stm32f4xx_hal_flash.o(i.FLASH_SetErrorCode), (124 bytes).
    Removing stm32f4xx_hal_flash.o(i.FLASH_WaitForLastOperation), (80 bytes).
    Removing stm32f4xx_hal_flash.o(i.HAL_FLASH_EndOfOperationCallback), (2 bytes).
    Removing stm32f4xx_hal_flash.o(i.HAL_FLASH_GetError), (12 bytes).
    Removing stm32f4xx_hal_flash.o(i.HAL_FLASH_IRQHandler), (204 bytes).
    Removing stm32f4xx_hal_flash.o(i.HAL_FLASH_Lock), (20 bytes).
    Removing stm32f4xx_hal_flash.o(i.HAL_FLASH_OB_Launch), (24 bytes).
    Removing stm32f4xx_hal_flash.o(i.HAL_FLASH_OB_Lock), (20 bytes).
    Removing stm32f4xx_hal_flash.o(i.HAL_FLASH_OB_Unlock), (40 bytes).
    Removing stm32f4xx_hal_flash.o(i.HAL_FLASH_OperationErrorCallback), (2 bytes).
    Removing stm32f4xx_hal_flash.o(i.HAL_FLASH_Program), (124 bytes).
    Removing stm32f4xx_hal_flash.o(i.HAL_FLASH_Program_IT), (108 bytes).
    Removing stm32f4xx_hal_flash.o(i.HAL_FLASH_Unlock), (44 bytes).
    Removing stm32f4xx_hal_flash.o(.bss), (32 bytes).
    Removing stm32f4xx_hal_flash_ex.o(.rev16_text), (4 bytes).
    Removing stm32f4xx_hal_flash_ex.o(.revsh_text), (4 bytes).
    Removing stm32f4xx_hal_flash_ex.o(.rrx_text), (6 bytes).
    Removing stm32f4xx_hal_flash_ex.o(i.FLASH_Erase_Sector), (80 bytes).
    Removing stm32f4xx_hal_flash_ex.o(i.FLASH_FlushCaches), (84 bytes).
    Removing stm32f4xx_hal_flash_ex.o(i.FLASH_MassErase), (40 bytes).
    Removing stm32f4xx_hal_flash_ex.o(i.HAL_FLASHEx_AdvOBGetConfig), (12 bytes).
    Removing stm32f4xx_hal_flash_ex.o(i.HAL_FLASHEx_AdvOBProgram), (60 bytes).
    Removing stm32f4xx_hal_flash_ex.o(i.HAL_FLASHEx_Erase), (152 bytes).
    Removing stm32f4xx_hal_flash_ex.o(i.HAL_FLASHEx_Erase_IT), (104 bytes).
    Removing stm32f4xx_hal_flash_ex.o(i.HAL_FLASHEx_OBGetConfig), (64 bytes).
    Removing stm32f4xx_hal_flash_ex.o(i.HAL_FLASHEx_OBProgram), (204 bytes).
    Removing stm32f4xx_hal_flash_ex.o(i.HAL_FLASHEx_OB_DeSelectPCROP), (20 bytes).
    Removing stm32f4xx_hal_flash_ex.o(i.HAL_FLASHEx_OB_SelectPCROP), (24 bytes).
    Removing stm32f4xx_hal_flash_ramfunc.o(.rev16_text), (4 bytes).
    Removing stm32f4xx_hal_flash_ramfunc.o(.revsh_text), (4 bytes).
    Removing stm32f4xx_hal_flash_ramfunc.o(.rrx_text), (6 bytes).
    Removing stm32f4xx_hal_flash_ramfunc.o(i.HAL_FLASHEx_DisableFlashSleepMode), (44 bytes).
    Removing stm32f4xx_hal_flash_ramfunc.o(i.HAL_FLASHEx_EnableFlashSleepMode), (44 bytes).
    Removing stm32f4xx_hal_flash_ramfunc.o(i.HAL_FLASHEx_StartFlashInterfaceClk), (44 bytes).
    Removing stm32f4xx_hal_flash_ramfunc.o(i.HAL_FLASHEx_StopFlashInterfaceClk), (44 bytes).
    Removing stm32f4xx_hal_gpio.o(.rev16_text), (4 bytes).
    Removing stm32f4xx_hal_gpio.o(.revsh_text), (4 bytes).
    Removing stm32f4xx_hal_gpio.o(.rrx_text), (6 bytes).
    Removing stm32f4xx_hal_gpio.o(i.HAL_GPIO_DeInit), (272 bytes).
    Removing stm32f4xx_hal_gpio.o(i.HAL_GPIO_EXTI_Callback), (2 bytes).
    Removing stm32f4xx_hal_gpio.o(i.HAL_GPIO_EXTI_IRQHandler), (24 bytes).
    Removing stm32f4xx_hal_gpio.o(i.HAL_GPIO_LockPin), (34 bytes).
    Removing stm32f4xx_hal_gpio.o(i.HAL_GPIO_ReadPin), (10 bytes).
    Removing stm32f4xx_hal_gpio.o(i.HAL_GPIO_TogglePin), (8 bytes).
    Removing stm32f4xx_hal_gpio.o(i.HAL_GPIO_WritePin), (10 bytes).
    Removing stm32f4xx_hal_dma_ex.o(.rev16_text), (4 bytes).
    Removing stm32f4xx_hal_dma_ex.o(.revsh_text), (4 bytes).
    Removing stm32f4xx_hal_dma_ex.o(.rrx_text), (6 bytes).
    Removing stm32f4xx_hal_dma_ex.o(i.DMA_MultiBufferSetConfig), (30 bytes).
    Removing stm32f4xx_hal_dma_ex.o(i.HAL_DMAEx_ChangeMemory), (14 bytes).
    Removing stm32f4xx_hal_dma_ex.o(i.HAL_DMAEx_MultiBufferStart), (100 bytes).
    Removing stm32f4xx_hal_dma_ex.o(i.HAL_DMAEx_MultiBufferStart_IT), (2432 bytes).
    Removing stm32f4xx_hal_dma.o(.rev16_text), (4 bytes).
    Removing stm32f4xx_hal_dma.o(.revsh_text), (4 bytes).
    Removing stm32f4xx_hal_dma.o(.rrx_text), (6 bytes).
    Removing stm32f4xx_hal_dma.o(i.HAL_DMA_Abort), (142 bytes).
    Removing stm32f4xx_hal_dma.o(i.HAL_DMA_DeInit), (86 bytes).
    Removing stm32f4xx_hal_dma.o(i.HAL_DMA_GetState), (6 bytes).
    Removing stm32f4xx_hal_dma.o(i.HAL_DMA_PollForTransfer), (292 bytes).
    Removing stm32f4xx_hal_dma.o(i.HAL_DMA_RegisterCallback), (80 bytes).
    Removing stm32f4xx_hal_dma.o(i.HAL_DMA_Start), (70 bytes).
    Removing stm32f4xx_hal_dma.o(i.HAL_DMA_UnRegisterCallback), (96 bytes).
    Removing stm32f4xx_hal_pwr.o(.rev16_text), (4 bytes).
    Removing stm32f4xx_hal_pwr.o(.revsh_text), (4 bytes).
    Removing stm32f4xx_hal_pwr.o(.rrx_text), (6 bytes).
    Removing stm32f4xx_hal_pwr.o(i.HAL_PWR_ConfigPVD), (124 bytes).
    Removing stm32f4xx_hal_pwr.o(i.HAL_PWR_DeInit), (24 bytes).
    Removing stm32f4xx_hal_pwr.o(i.HAL_PWR_DisableBkUpAccess), (12 bytes).
    Removing stm32f4xx_hal_pwr.o(i.HAL_PWR_DisablePVD), (12 bytes).
    Removing stm32f4xx_hal_pwr.o(i.HAL_PWR_DisableSEVOnPend), (16 bytes).
    Removing stm32f4xx_hal_pwr.o(i.HAL_PWR_DisableSleepOnExit), (16 bytes).
    Removing stm32f4xx_hal_pwr.o(i.HAL_PWR_DisableWakeUpPin), (16 bytes).
    Removing stm32f4xx_hal_pwr.o(i.HAL_PWR_EnableBkUpAccess), (12 bytes).
    Removing stm32f4xx_hal_pwr.o(i.HAL_PWR_EnablePVD), (12 bytes).
    Removing stm32f4xx_hal_pwr.o(i.HAL_PWR_EnableSEVOnPend), (16 bytes).
    Removing stm32f4xx_hal_pwr.o(i.HAL_PWR_EnableSleepOnExit), (16 bytes).
    Removing stm32f4xx_hal_pwr.o(i.HAL_PWR_EnableWakeUpPin), (16 bytes).
    Removing stm32f4xx_hal_pwr.o(i.HAL_PWR_EnterSLEEPMode), (32 bytes).
    Removing stm32f4xx_hal_pwr.o(i.HAL_PWR_EnterSTANDBYMode), (32 bytes).
    Removing stm32f4xx_hal_pwr.o(i.HAL_PWR_EnterSTOPMode), (56 bytes).
    Removing stm32f4xx_hal_pwr.o(i.HAL_PWR_PVDCallback), (2 bytes).
    Removing stm32f4xx_hal_pwr.o(i.HAL_PWR_PVD_IRQHandler), (28 bytes).
    Removing stm32f4xx_hal_pwr_ex.o(.rev16_text), (4 bytes).
    Removing stm32f4xx_hal_pwr_ex.o(.revsh_text), (4 bytes).
    Removing stm32f4xx_hal_pwr_ex.o(.rrx_text), (6 bytes).
    Removing stm32f4xx_hal_pwr_ex.o(i.HAL_PWREx_ControlVoltageScaling), (176 bytes).
    Removing stm32f4xx_hal_pwr_ex.o(i.HAL_PWREx_DisableBkUpReg), (60 bytes).
    Removing stm32f4xx_hal_pwr_ex.o(i.HAL_PWREx_DisableFlashPowerDown), (12 bytes).
    Removing stm32f4xx_hal_pwr_ex.o(i.HAL_PWREx_DisableLowRegulatorLowVoltage), (12 bytes).
    Removing stm32f4xx_hal_pwr_ex.o(i.HAL_PWREx_DisableMainRegulatorLowVoltage), (12 bytes).
    Removing stm32f4xx_hal_pwr_ex.o(i.HAL_PWREx_EnableBkUpReg), (60 bytes).
    Removing stm32f4xx_hal_pwr_ex.o(i.HAL_PWREx_EnableFlashPowerDown), (12 bytes).
    Removing stm32f4xx_hal_pwr_ex.o(i.HAL_PWREx_EnableLowRegulatorLowVoltage), (12 bytes).
    Removing stm32f4xx_hal_pwr_ex.o(i.HAL_PWREx_EnableMainRegulatorLowVoltage), (12 bytes).
    Removing stm32f4xx_hal_pwr_ex.o(i.HAL_PWREx_GetVoltageRange), (16 bytes).
    Removing stm32f4xx_hal_cortex.o(.rev16_text), (4 bytes).
    Removing stm32f4xx_hal_cortex.o(.revsh_text), (4 bytes).
    Removing stm32f4xx_hal_cortex.o(.rrx_text), (6 bytes).
    Removing stm32f4xx_hal_cortex.o(i.HAL_MPU_ConfigRegion), (84 bytes).
    Removing stm32f4xx_hal_cortex.o(i.HAL_MPU_Disable), (28 bytes).
    Removing stm32f4xx_hal_cortex.o(i.HAL_MPU_Enable), (36 bytes).
    Removing stm32f4xx_hal_cortex.o(i.HAL_NVIC_ClearPendingIRQ), (22 bytes).
    Removing stm32f4xx_hal_cortex.o(i.HAL_NVIC_DisableIRQ), (22 bytes).
    Removing stm32f4xx_hal_cortex.o(i.HAL_NVIC_GetActive), (32 bytes).
    Removing stm32f4xx_hal_cortex.o(i.HAL_NVIC_GetPendingIRQ), (32 bytes).
    Removing stm32f4xx_hal_cortex.o(i.HAL_NVIC_GetPriority), (82 bytes).
    Removing stm32f4xx_hal_cortex.o(i.HAL_NVIC_GetPriorityGrouping), (16 bytes).
    Removing stm32f4xx_hal_cortex.o(i.HAL_NVIC_SetPendingIRQ), (22 bytes).
    Removing stm32f4xx_hal_cortex.o(i.HAL_NVIC_SystemReset), (36 bytes).
    Removing stm32f4xx_hal_cortex.o(i.HAL_SYSTICK_Callback), (2 bytes).
    Removing stm32f4xx_hal_cortex.o(i.HAL_SYSTICK_IRQHandler), (8 bytes).
    Removing stm32f4xx_hal.o(.rev16_text), (4 bytes).
    Removing stm32f4xx_hal.o(.revsh_text), (4 bytes).
    Removing stm32f4xx_hal.o(.rrx_text), (6 bytes).
    Removing stm32f4xx_hal.o(i.HAL_DBGMCU_DisableDBGSleepMode), (16 bytes).
    Removing stm32f4xx_hal.o(i.HAL_DBGMCU_DisableDBGStandbyMode), (16 bytes).
    Removing stm32f4xx_hal.o(i.HAL_DBGMCU_DisableDBGStopMode), (16 bytes).
    Removing stm32f4xx_hal.o(i.HAL_DBGMCU_EnableDBGSleepMode), (16 bytes).
    Removing stm32f4xx_hal.o(i.HAL_DBGMCU_EnableDBGStandbyMode), (16 bytes).
    Removing stm32f4xx_hal.o(i.HAL_DBGMCU_EnableDBGStopMode), (16 bytes).
    Removing stm32f4xx_hal.o(i.HAL_DeInit), (52 bytes).
    Removing stm32f4xx_hal.o(i.HAL_Delay), (36 bytes).
    Removing stm32f4xx_hal.o(i.HAL_DisableCompensationCell), (12 bytes).
    Removing stm32f4xx_hal.o(i.HAL_EnableCompensationCell), (12 bytes).
    Removing stm32f4xx_hal.o(i.HAL_GetDEVID), (16 bytes).
    Removing stm32f4xx_hal.o(i.HAL_GetHalVersion), (8 bytes).
    Removing stm32f4xx_hal.o(i.HAL_GetREVID), (12 bytes).
    Removing stm32f4xx_hal.o(i.HAL_GetTickFreq), (12 bytes).
    Removing stm32f4xx_hal.o(i.HAL_GetTickPrio), (12 bytes).
    Removing stm32f4xx_hal.o(i.HAL_GetUID), (28 bytes).
    Removing stm32f4xx_hal.o(i.HAL_MspDeInit), (2 bytes).
    Removing stm32f4xx_hal.o(i.HAL_MspInit), (2 bytes).
    Removing stm32f4xx_hal.o(i.HAL_ResumeTick), (14 bytes).
    Removing stm32f4xx_hal.o(i.HAL_SetTickFreq), (28 bytes).
    Removing stm32f4xx_hal.o(i.HAL_SuspendTick), (14 bytes).
    Removing system_stm32f4xx.o(.rev16_text), (4 bytes).
    Removing system_stm32f4xx.o(.revsh_text), (4 bytes).
    Removing system_stm32f4xx.o(.rrx_text), (6 bytes).
    Removing system_stm32f4xx.o(i.SystemCoreClockUpdate), (120 bytes).
    Removing heap_4.o(i.vPortInitialiseBlocks), (2 bytes).
    Removing heap_4.o(i.xPortGetFreeHeapSize), (12 bytes).
    Removing heap_4.o(i.xPortGetMinimumEverFreeHeapSize), (12 bytes).
    Removing port.o(i.vPortEndScheduler), (32 bytes).
    Removing port.o(i.vPortValidateInterruptPriority), (84 bytes).
    Removing event_groups.o(i.prvTestWaitCondition), (20 bytes).
    Removing event_groups.o(i.vEventGroupClearBitsCallback), (4 bytes).
    Removing event_groups.o(i.vEventGroupDelete), (70 bytes).
    Removing event_groups.o(i.vEventGroupSetBitsCallback), (4 bytes).
    Removing event_groups.o(i.xEventGroupClearBits), (64 bytes).
    Removing event_groups.o(i.xEventGroupCreate), (26 bytes).
    Removing event_groups.o(i.xEventGroupGetBitsFromISR), (26 bytes).
    Removing event_groups.o(i.xEventGroupSetBits), (140 bytes).
    Removing event_groups.o(i.xEventGroupSync), (204 bytes).
    Removing event_groups.o(i.xEventGroupWaitBits), (264 bytes).
    Removing queue.o(i.pcQueueGetName), (40 bytes).
    Removing queue.o(i.prvCopyDataFromQueue), (38 bytes).
    Removing queue.o(i.prvCopyDataToQueue), (108 bytes).
    Removing queue.o(i.prvIsQueueEmpty), (28 bytes).
    Removing queue.o(i.prvUnlockQueue), (106 bytes).
    Removing queue.o(i.uxQueueMessagesWaiting), (36 bytes).
    Removing queue.o(i.uxQueueMessagesWaitingFromISR), (22 bytes).
    Removing queue.o(i.uxQueueSpacesAvailable), (40 bytes).
    Removing queue.o(i.vQueueAddToRegistry), (40 bytes).
    Removing queue.o(i.vQueueDelete), (36 bytes).
    Removing queue.o(i.vQueueUnregisterQueue), (40 bytes).
    Removing queue.o(i.xQueueCreateMutex), (36 bytes).
    Removing queue.o(i.xQueueGenericCreate), (72 bytes).
    Removing queue.o(i.xQueueGenericReceive), (364 bytes).
    Removing queue.o(i.xQueueGenericReset), (136 bytes).
    Removing queue.o(i.xQueueGenericSend), (352 bytes).
    Removing queue.o(i.xQueueGenericSendFromISR), (188 bytes).
    Removing queue.o(i.xQueueGiveFromISR), (156 bytes).
    Removing queue.o(i.xQueueIsQueueEmptyFromISR), (30 bytes).
    Removing queue.o(i.xQueueIsQueueFullFromISR), (34 bytes).
    Removing queue.o(i.xQueuePeekFromISR), (116 bytes).
    Removing queue.o(i.xQueueReceiveFromISR), (154 bytes).
    Removing queue.o(.bss), (64 bytes).
    Removing tasks.o(i.pcTaskGetName), (32 bytes).
    Removing tasks.o(i.prvTaskIsTaskSuspended), (52 bytes).
    Removing tasks.o(i.pvTaskIncrementMutexHeldCount), (24 bytes).
    Removing tasks.o(i.ulTaskNotifyTake), (104 bytes).
    Removing tasks.o(i.uxTaskGetNumberOfTasks), (12 bytes).
    Removing tasks.o(i.uxTaskPriorityGet), (28 bytes).
    Removing tasks.o(i.uxTaskPriorityGetFromISR), (44 bytes).
    Removing tasks.o(i.uxTaskResetEventItemValue), (24 bytes).
    Removing tasks.o(i.vTaskDelete), (172 bytes).
    Removing tasks.o(i.vTaskEndScheduler), (28 bytes).
    Removing tasks.o(i.vTaskMissedYield), (12 bytes).
    Removing tasks.o(i.vTaskNotifyGiveFromISR), (184 bytes).
    Removing tasks.o(i.vTaskPlaceOnEventList), (48 bytes).
    Removing tasks.o(i.vTaskPlaceOnUnorderedEventList), (80 bytes).
    Removing tasks.o(i.vTaskPriorityInherit), (132 bytes).
    Removing tasks.o(i.vTaskPrioritySet), (196 bytes).
    Removing tasks.o(i.vTaskResume), (124 bytes).
    Removing tasks.o(i.vTaskSetTimeOutState), (36 bytes).
    Removing tasks.o(i.vTaskSuspend), (176 bytes).
    Removing tasks.o(i.xTaskCheckForTimeOut), (108 bytes).
    Removing tasks.o(i.xTaskGenericNotify), (204 bytes).
    Removing tasks.o(i.xTaskGenericNotifyFromISR), (240 bytes).
    Removing tasks.o(i.xTaskGetCurrentTaskHandle), (12 bytes).
    Removing tasks.o(i.xTaskGetTickCountFromISR), (16 bytes).
    Removing tasks.o(i.xTaskNotifyStateClear), (52 bytes).
    Removing tasks.o(i.xTaskNotifyWait), (140 bytes).
    Removing tasks.o(i.xTaskPriorityDisinherit), (152 bytes).
    Removing tasks.o(i.xTaskRemoveFromEventList), (116 bytes).
    Removing tasks.o(i.xTaskRemoveFromUnorderedEventList), (120 bytes).
    Removing tasks.o(i.xTaskResumeFromISR), (136 bytes).
    Removing cmsis_os.o(.rev16_text), (4 bytes).
    Removing cmsis_os.o(.revsh_text), (4 bytes).
    Removing cmsis_os.o(i.inHandlerMode), (12 bytes).
    Removing cmsis_os.o(i.makeCmsisPriority), (14 bytes).
    Removing cmsis_os.o(i.osAbortDelay), (4 bytes).
    Removing cmsis_os.o(i.osDelay), (14 bytes).
    Removing cmsis_os.o(i.osDelayUntil), (14 bytes).
    Removing cmsis_os.o(i.osKernelRunning), (18 bytes).
    Removing cmsis_os.o(i.osKernelSysTick), (24 bytes).
    Removing cmsis_os.o(i.osMailAlloc), (12 bytes).
    Removing cmsis_os.o(i.osMailCAlloc), (32 bytes).
    Removing cmsis_os.o(i.osMailCreate), (92 bytes).
    Removing cmsis_os.o(i.osMailFree), (12 bytes).
    Removing cmsis_os.o(i.osMailGet), (148 bytes).
    Removing cmsis_os.o(i.osMailPut), (92 bytes).
    Removing cmsis_os.o(i.osMessageAvailableSpace), (4 bytes).
    Removing cmsis_os.o(i.osMessageCreate), (8 bytes).
    Removing cmsis_os.o(i.osMessageDelete), (24 bytes).
    Removing cmsis_os.o(i.osMessageGet), (152 bytes).
    Removing cmsis_os.o(i.osMessagePeek), (78 bytes).
    Removing cmsis_os.o(i.osMessagePut), (92 bytes).
    Removing cmsis_os.o(i.osMessageWaiting), (30 bytes).
    Removing cmsis_os.o(i.osMutexCreate), (6 bytes).
    Removing cmsis_os.o(i.osMutexDelete), (24 bytes).
    Removing cmsis_os.o(i.osMutexRelease), (80 bytes).
    Removing cmsis_os.o(i.osMutexWait), (104 bytes).
    Removing cmsis_os.o(i.osPoolAlloc), (106 bytes).
    Removing cmsis_os.o(i.osPoolCAlloc), (16 bytes).
    Removing cmsis_os.o(i.osPoolCreate), (94 bytes).
    Removing cmsis_os.o(i.osPoolFree), (48 bytes).
    Removing cmsis_os.o(i.osRecursiveMutexCreate), (4 bytes).
    Removing cmsis_os.o(i.osRecursiveMutexRelease), (4 bytes).
    Removing cmsis_os.o(i.osRecursiveMutexWait), (4 bytes).
    Removing cmsis_os.o(i.osSemaphoreCreate), (38 bytes).
    Removing cmsis_os.o(i.osSemaphoreDelete), (24 bytes).
    Removing cmsis_os.o(i.osSemaphoreGetCount), (4 bytes).
    Removing cmsis_os.o(i.osSemaphoreRelease), (80 bytes).
    Removing cmsis_os.o(i.osSemaphoreWait), (104 bytes).
    Removing cmsis_os.o(i.osSignalSet), (92 bytes).
    Removing cmsis_os.o(i.osSignalWait), (86 bytes).
    Removing cmsis_os.o(i.osThreadGetId), (4 bytes).
    Removing cmsis_os.o(i.osThreadGetPriority), (32 bytes).
    Removing cmsis_os.o(i.osThreadList), (4 bytes).
    Removing cmsis_os.o(i.osThreadResume), (52 bytes).
    Removing cmsis_os.o(i.osThreadResumeAll), (18 bytes).
    Removing cmsis_os.o(i.osThreadSetPriority), (22 bytes).
    Removing cmsis_os.o(i.osThreadSuspend), (10 bytes).
    Removing cmsis_os.o(i.osThreadSuspendAll), (10 bytes).
    Removing cmsis_os.o(i.osThreadTerminate), (10 bytes).
    Removing cmsis_os.o(i.osThreadYield), (24 bytes).
    Removing cmsis_os.o(i.osTimerCreate), (4 bytes).
    Removing cmsis_os.o(i.osTimerDelete), (4 bytes).
    Removing cmsis_os.o(i.osTimerStart), (4 bytes).
    Removing cmsis_os.o(i.osTimerStop), (4 bytes).

368 unused section(s) (total 25772 bytes) removed from the image.

==============================================================================

Image Symbol Table

    Local Symbols

    Symbol Name                              Value     Ov Type        Size  Object(Section)

    ..//Src/system_stm32f4xx.c               0x00000000   Number         0  system_stm32f4xx.o ABSOLUTE
    ../Drivers/STM32F4xx_HAL_Driver/Src/stm32f4xx_hal.c 0x00000000   Number         0  stm32f4xx_hal.o ABSOLUTE
    ../Drivers/STM32F4xx_HAL_Driver/Src/stm32f4xx_hal_cortex.c 0x00000000   Number         0  stm32f4xx_hal_cortex.o ABSOLUTE
    ../Drivers/STM32F4xx_HAL_Driver/Src/stm32f4xx_hal_dma.c 0x00000000   Number         0  stm32f4xx_hal_dma.o ABSOLUTE
    ../Drivers/STM32F4xx_HAL_Driver/Src/stm32f4xx_hal_dma_ex.c 0x00000000   Number         0  stm32f4xx_hal_dma_ex.o ABSOLUTE
    ../Drivers/STM32F4xx_HAL_Driver/Src/stm32f4xx_hal_flash.c 0x00000000   Number         0  stm32f4xx_hal_flash.o ABSOLUTE
    ../Drivers/STM32F4xx_HAL_Driver/Src/stm32f4xx_hal_flash_ex.c 0x00000000   Number         0  stm32f4xx_hal_flash_ex.o ABSOLUTE
    ../Drivers/STM32F4xx_HAL_Driver/Src/stm32f4xx_hal_flash_ramfunc.c 0x00000000   Number         0  stm32f4xx_hal_flash_ramfunc.o ABSOLUTE
    ../Drivers/STM32F4xx_HAL_Driver/Src/stm32f4xx_hal_gpio.c 0x00000000   Number         0  stm32f4xx_hal_gpio.o ABSOLUTE
    ../Drivers/STM32F4xx_HAL_Driver/Src/stm32f4xx_hal_i2c.c 0x00000000   Number         0  stm32f4xx_hal_i2c.o ABSOLUTE
    ../Drivers/STM32F4xx_HAL_Driver/Src/stm32f4xx_hal_i2c_ex.c 0x00000000   Number         0  stm32f4xx_hal_i2c_ex.o ABSOLUTE
    ../Drivers/STM32F4xx_HAL_Driver/Src/stm32f4xx_hal_pwr.c 0x00000000   Number         0  stm32f4xx_hal_pwr.o ABSOLUTE
    ../Drivers/STM32F4xx_HAL_Driver/Src/stm32f4xx_hal_pwr_ex.c 0x00000000   Number         0  stm32f4xx_hal_pwr_ex.o ABSOLUTE
    ../Drivers/STM32F4xx_HAL_Driver/Src/stm32f4xx_hal_rcc.c 0x00000000   Number         0  stm32f4xx_hal_rcc.o ABSOLUTE
    ../Drivers/STM32F4xx_HAL_Driver/Src/stm32f4xx_hal_rcc_ex.c 0x00000000   Number         0  stm32f4xx_hal_rcc_ex.o ABSOLUTE
    ../Drivers/STM32F4xx_HAL_Driver/Src/stm32f4xx_hal_tim.c 0x00000000   Number         0  stm32f4xx_hal_tim.o ABSOLUTE
    ../Drivers/STM32F4xx_HAL_Driver/Src/stm32f4xx_hal_tim_ex.c 0x00000000   Number         0  stm32f4xx_hal_tim_ex.o ABSOLUTE
    ../Middlewares/Third_Party/FreeRTOS/Source/CMSIS_RTOS/cmsis_os.c 0x00000000   Number         0  cmsis_os.o ABSOLUTE
    ../Middlewares/Third_Party/FreeRTOS/Source/croutine.c 0x00000000   Number         0  croutine.o ABSOLUTE
    ../Middlewares/Third_Party/FreeRTOS/Source/event_groups.c 0x00000000   Number         0  event_groups.o ABSOLUTE
    ../Middlewares/Third_Party/FreeRTOS/Source/list.c 0x00000000   Number         0  list.o ABSOLUTE
    ../Middlewares/Third_Party/FreeRTOS/Source/portable/MemMang/heap_4.c 0x00000000   Number         0  heap_4.o ABSOLUTE
    ../Middlewares/Third_Party/FreeRTOS/Source/portable/RVDS/ARM_CM4F/port.c 0x00000000   Number         0  port.o ABSOLUTE
    ../Middlewares/Third_Party/FreeRTOS/Source/queue.c 0x00000000   Number         0  queue.o ABSOLUTE
    ../Middlewares/Third_Party/FreeRTOS/Source/tasks.c 0x00000000   Number         0  tasks.o ABSOLUTE
    ../Middlewares/Third_Party/FreeRTOS/Source/timers.c 0x00000000   Number         0  timers.o ABSOLUTE
    ../Src/freertos.c                        0x00000000   Number         0  freertos.o ABSOLUTE
    ../Src/main.c                            0x00000000   Number         0  main.o ABSOLUTE
    ../Src/stm32f4xx_hal_msp.c               0x00000000   Number         0  stm32f4xx_hal_msp.o ABSOLUTE
    ../Src/stm32f4xx_it.c                    0x00000000   Number         0  stm32f4xx_it.o ABSOLUTE
    ../clib/microlib/division.c              0x00000000   Number         0  uldiv.o ABSOLUTE
    ../clib/microlib/init/entry.s            0x00000000   Number         0  entry10a.o ABSOLUTE
    ../clib/microlib/init/entry.s            0x00000000   Number         0  entry9a.o ABSOLUTE
    ../clib/microlib/init/entry.s            0x00000000   Number         0  entry8a.o ABSOLUTE
    ../clib/microlib/init/entry.s            0x00000000   Number         0  entry.o ABSOLUTE
    ../clib/microlib/init/entry.s            0x00000000   Number         0  entry8b.o ABSOLUTE
    ../clib/microlib/init/entry.s            0x00000000   Number         0  entry5.o ABSOLUTE
    ../clib/microlib/init/entry.s            0x00000000   Number         0  entry2.o ABSOLUTE
    ../clib/microlib/init/entry.s            0x00000000   Number         0  entry11b.o ABSOLUTE
    ../clib/microlib/init/entry.s            0x00000000   Number         0  entry11a.o ABSOLUTE
    ../clib/microlib/init/entry.s            0x00000000   Number         0  entry10b.o ABSOLUTE
    ../clib/microlib/init/entry.s            0x00000000   Number         0  entry7b.o ABSOLUTE
    ../clib/microlib/init/entry.s            0x00000000   Number         0  entry9b.o ABSOLUTE
    ../clib/microlib/init/entry.s            0x00000000   Number         0  entry7a.o ABSOLUTE
    ../clib/microlib/longlong.c              0x00000000   Number         0  llushr.o ABSOLUTE
    ../clib/microlib/longlong.c              0x00000000   Number         0  llshl.o ABSOLUTE
    ../clib/microlib/string/memcpy.c         0x00000000   Number         0  memcpya.o ABSOLUTE
    ../clib/microlib/string/memcpy.c         0x00000000   Number         0  memcpyb.o ABSOLUTE
    ..\Drivers\STM32F4xx_HAL_Driver\Src\stm32f4xx_hal.c 0x00000000   Number         0  stm32f4xx_hal.o ABSOLUTE
    ..\Drivers\STM32F4xx_HAL_Driver\Src\stm32f4xx_hal_cortex.c 0x00000000   Number         0  stm32f4xx_hal_cortex.o ABSOLUTE
    ..\Drivers\STM32F4xx_HAL_Driver\Src\stm32f4xx_hal_dma.c 0x00000000   Number         0  stm32f4xx_hal_dma.o ABSOLUTE
    ..\Drivers\STM32F4xx_HAL_Driver\Src\stm32f4xx_hal_dma_ex.c 0x00000000   Number         0  stm32f4xx_hal_dma_ex.o ABSOLUTE
    ..\Drivers\STM32F4xx_HAL_Driver\Src\stm32f4xx_hal_flash.c 0x00000000   Number         0  stm32f4xx_hal_flash.o ABSOLUTE
    ..\Drivers\STM32F4xx_HAL_Driver\Src\stm32f4xx_hal_flash_ex.c 0x00000000   Number         0  stm32f4xx_hal_flash_ex.o ABSOLUTE
    ..\Drivers\STM32F4xx_HAL_Driver\Src\stm32f4xx_hal_flash_ramfunc.c 0x00000000   Number         0  stm32f4xx_hal_flash_ramfunc.o ABSOLUTE
    ..\Drivers\STM32F4xx_HAL_Driver\Src\stm32f4xx_hal_gpio.c 0x00000000   Number         0  stm32f4xx_hal_gpio.o ABSOLUTE
    ..\Drivers\STM32F4xx_HAL_Driver\Src\stm32f4xx_hal_i2c.c 0x00000000   Number         0  stm32f4xx_hal_i2c.o ABSOLUTE
    ..\Drivers\STM32F4xx_HAL_Driver\Src\stm32f4xx_hal_i2c_ex.c 0x00000000   Number         0  stm32f4xx_hal_i2c_ex.o ABSOLUTE
    ..\Drivers\STM32F4xx_HAL_Driver\Src\stm32f4xx_hal_pwr.c 0x00000000   Number         0  stm32f4xx_hal_pwr.o ABSOLUTE
    ..\Drivers\STM32F4xx_HAL_Driver\Src\stm32f4xx_hal_pwr_ex.c 0x00000000   Number         0  stm32f4xx_hal_pwr_ex.o ABSOLUTE
    ..\Drivers\STM32F4xx_HAL_Driver\Src\stm32f4xx_hal_rcc.c 0x00000000   Number         0  stm32f4xx_hal_rcc.o ABSOLUTE
    ..\Drivers\STM32F4xx_HAL_Driver\Src\stm32f4xx_hal_rcc_ex.c 0x00000000   Number         0  stm32f4xx_hal_rcc_ex.o ABSOLUTE
    ..\Drivers\STM32F4xx_HAL_Driver\Src\stm32f4xx_hal_tim.c 0x00000000   Number         0  stm32f4xx_hal_tim.o ABSOLUTE
    ..\Drivers\STM32F4xx_HAL_Driver\Src\stm32f4xx_hal_tim_ex.c 0x00000000   Number         0  stm32f4xx_hal_tim_ex.o ABSOLUTE
    ..\Inc\i2c-lcd.c                         0x00000000   Number         0  i2c-lcd.o ABSOLUTE
    ..\Inc\lcd_hd44780_i2c.c                 0x00000000   Number         0  lcd_hd44780_i2c.o ABSOLUTE
    ..\Middlewares\Third_Party\FreeRTOS\Source\CMSIS_RTOS\cmsis_os.c 0x00000000   Number         0  cmsis_os.o ABSOLUTE
    ..\Middlewares\Third_Party\FreeRTOS\Source\portable\RVDS\ARM_CM4F\port.c 0x00000000   Number         0  port.o ABSOLUTE
    ..\Src\main.c                            0x00000000   Number         0  main.o ABSOLUTE
    ..\Src\stm32f4xx_hal_msp.c               0x00000000   Number         0  stm32f4xx_hal_msp.o ABSOLUTE
    ..\Src\stm32f4xx_it.c                    0x00000000   Number         0  stm32f4xx_it.o ABSOLUTE
    ..\\Inc\\i2c-lcd.c                       0x00000000   Number         0  i2c-lcd.o ABSOLUTE
    ..\\Inc\\lcd_hd44780_i2c.c               0x00000000   Number         0  lcd_hd44780_i2c.o ABSOLUTE
    ..\\Src\system_stm32f4xx.c               0x00000000   Number         0  system_stm32f4xx.o ABSOLUTE
    dc.s                                     0x00000000   Number         0  dc.o ABSOLUTE
    handlers.s                               0x00000000   Number         0  handlers.o ABSOLUTE
    init.s                                   0x00000000   Number         0  init.o ABSOLUTE
    startup_stm32f411xe.s                    0x00000000   Number         0  startup_stm32f411xe.o ABSOLUTE
    RESET                                    0x08000000   Section      408  startup_stm32f411xe.o(RESET)
    .ARM.Collect$$$$00000000                 0x08000198   Section        0  entry.o(.ARM.Collect$$$$00000000)
    .ARM.Collect$$$$00000001                 0x08000198   Section        4  entry2.o(.ARM.Collect$$$$00000001)
    .ARM.Collect$$$$00000004                 0x0800019c   Section        4  entry5.o(.ARM.Collect$$$$00000004)
    .ARM.Collect$$$$00000008                 0x080001a0   Section        0  entry7b.o(.ARM.Collect$$$$00000008)
    .ARM.Collect$$$$0000000A                 0x080001a0   Section        0  entry8b.o(.ARM.Collect$$$$0000000A)
    .ARM.Collect$$$$0000000B                 0x080001a0   Section        8  entry9a.o(.ARM.Collect$$$$0000000B)
    .ARM.Collect$$$$0000000D                 0x080001a8   Section        0  entry10a.o(.ARM.Collect$$$$0000000D)
    .ARM.Collect$$$$0000000F                 0x080001a8   Section        0  entry11a.o(.ARM.Collect$$$$0000000F)
    .ARM.Collect$$$$00002712                 0x080001a8   Section        4  entry2.o(.ARM.Collect$$$$00002712)
    __lit__00000000                          0x080001a8   Data           4  entry2.o(.ARM.Collect$$$$00002712)
    .emb_text                                0x080001ac   Section      186  port.o(.emb_text)
    $v0                                      0x080001ac   Number         0  port.o(.emb_text)
    .text                                    0x08000268   Section       36  startup_stm32f411xe.o(.text)
    $v0                                      0x08000268   Number         0  startup_stm32f411xe.o(.text)
    .text                                    0x0800028c   Section        0  uldiv.o(.text)
    .text                                    0x080002ee   Section        0  memcpya.o(.text)
    .text                                    0x08000312   Section        0  llshl.o(.text)
    .text                                    0x08000330   Section        0  llushr.o(.text)
    .text                                    0x08000350   Section       36  init.o(.text)
    i.BusFault_Handler                       0x08000374   Section        0  stm32f4xx_it.o(i.BusFault_Handler)
    i.DMA1_Stream0_IRQHandler                0x08000378   Section        0  stm32f4xx_it.o(i.DMA1_Stream0_IRQHandler)
    i.DMA1_Stream1_IRQHandler                0x08000384   Section        0  stm32f4xx_it.o(i.DMA1_Stream1_IRQHandler)
    i.DMA_CalcBaseAndBitshift                0x08000390   Section        0  stm32f4xx_hal_dma.o(i.DMA_CalcBaseAndBitshift)
    DMA_CalcBaseAndBitshift                  0x08000391   Thumb Code    34  stm32f4xx_hal_dma.o(i.DMA_CalcBaseAndBitshift)
    i.DMA_CheckFifoParam                     0x080003b8   Section        0  stm32f4xx_hal_dma.o(i.DMA_CheckFifoParam)
    DMA_CheckFifoParam                       0x080003b9   Thumb Code    84  stm32f4xx_hal_dma.o(i.DMA_CheckFifoParam)
    i.DMA_SetConfig                          0x0800040c   Section        0  stm32f4xx_hal_dma.o(i.DMA_SetConfig)
    DMA_SetConfig                            0x0800040d   Thumb Code    40  stm32f4xx_hal_dma.o(i.DMA_SetConfig)
    i.DebugMon_Handler                       0x08000434   Section        0  stm32f4xx_it.o(i.DebugMon_Handler)
    i.HAL_DMA_Abort_IT                       0x08000436   Section        0  stm32f4xx_hal_dma.o(i.HAL_DMA_Abort_IT)
    i.HAL_DMA_GetError                       0x0800045a   Section        0  stm32f4xx_hal_dma.o(i.HAL_DMA_GetError)
    i.HAL_DMA_IRQHandler                     0x08000460   Section        0  stm32f4xx_hal_dma.o(i.HAL_DMA_IRQHandler)
    i.HAL_DMA_Init                           0x08000600   Section        0  stm32f4xx_hal_dma.o(i.HAL_DMA_Init)
    i.HAL_DMA_Start_IT                       0x080006d4   Section        0  stm32f4xx_hal_dma.o(i.HAL_DMA_Start_IT)
    i.HAL_GPIO_Init                          0x0800074c   Section        0  stm32f4xx_hal_gpio.o(i.HAL_GPIO_Init)
    i.HAL_GetTick                            0x080008d4   Section        0  stm32f4xx_hal.o(i.HAL_GetTick)
    i.HAL_I2C_AbortCpltCallback              0x080008e0   Section        0  stm32f4xx_hal_i2c.o(i.HAL_I2C_AbortCpltCallback)
    i.HAL_I2C_AddrCallback                   0x080008e2   Section        0  stm32f4xx_hal_i2c.o(i.HAL_I2C_AddrCallback)
    i.HAL_I2C_ER_IRQHandler                  0x080008e4   Section        0  stm32f4xx_hal_i2c.o(i.HAL_I2C_ER_IRQHandler)
    i.HAL_I2C_EV_IRQHandler                  0x080009a8   Section        0  stm32f4xx_hal_i2c.o(i.HAL_I2C_EV_IRQHandler)
    i.HAL_I2C_ErrorCallback                  0x08000b98   Section        0  stm32f4xx_hal_i2c.o(i.HAL_I2C_ErrorCallback)
    i.HAL_I2C_GetState                       0x08000b9a   Section        0  stm32f4xx_hal_i2c.o(i.HAL_I2C_GetState)
    i.HAL_I2C_Init                           0x08000ba0   Section        0  stm32f4xx_hal_i2c.o(i.HAL_I2C_Init)
    i.HAL_I2C_ListenCpltCallback             0x08000ca8   Section        0  stm32f4xx_hal_i2c.o(i.HAL_I2C_ListenCpltCallback)
    i.HAL_I2C_MasterRxCpltCallback           0x08000caa   Section        0  stm32f4xx_hal_i2c.o(i.HAL_I2C_MasterRxCpltCallback)
    i.HAL_I2C_MasterTxCpltCallback           0x08000cac   Section        0  stm32f4xx_hal_i2c.o(i.HAL_I2C_MasterTxCpltCallback)
    i.HAL_I2C_Master_Transmit_DMA            0x08000cb0   Section        0  stm32f4xx_hal_i2c.o(i.HAL_I2C_Master_Transmit_DMA)
    i.HAL_I2C_MemRxCpltCallback              0x08000dd8   Section        0  stm32f4xx_hal_i2c.o(i.HAL_I2C_MemRxCpltCallback)
    i.HAL_I2C_MemTxCpltCallback              0x08000dda   Section        0  stm32f4xx_hal_i2c.o(i.HAL_I2C_MemTxCpltCallback)
    i.HAL_I2C_MspInit                        0x08000ddc   Section        0  stm32f4xx_hal_msp.o(i.HAL_I2C_MspInit)
    i.HAL_I2C_SlaveRxCpltCallback            0x08000ed0   Section        0  stm32f4xx_hal_i2c.o(i.HAL_I2C_SlaveRxCpltCallback)
    i.HAL_I2C_SlaveTxCpltCallback            0x08000ed2   Section        0  stm32f4xx_hal_i2c.o(i.HAL_I2C_SlaveTxCpltCallback)
    i.HAL_IncTick                            0x08000ed4   Section        0  stm32f4xx_hal.o(i.HAL_IncTick)
    i.HAL_Init                               0x08000ee4   Section        0  stm32f4xx_hal.o(i.HAL_Init)
    i.HAL_InitTick                           0x08000f18   Section        0  stm32f4xx_hal.o(i.HAL_InitTick)
    i.HAL_MspInit                            0x08000f58   Section        0  stm32f4xx_hal_msp.o(i.HAL_MspInit)
    i.HAL_NVIC_EnableIRQ                     0x08000fdc   Section        0  stm32f4xx_hal_cortex.o(i.HAL_NVIC_EnableIRQ)
    i.HAL_NVIC_SetPriority                   0x08000ff4   Section        0  stm32f4xx_hal_cortex.o(i.HAL_NVIC_SetPriority)
    i.HAL_NVIC_SetPriorityGrouping           0x08001034   Section        0  stm32f4xx_hal_cortex.o(i.HAL_NVIC_SetPriorityGrouping)
    i.HAL_RCC_ClockConfig                    0x08001058   Section        0  stm32f4xx_hal_rcc.o(i.HAL_RCC_ClockConfig)
    i.HAL_RCC_GetHCLKFreq                    0x08001188   Section        0  stm32f4xx_hal_rcc.o(i.HAL_RCC_GetHCLKFreq)
    i.HAL_RCC_GetPCLK1Freq                   0x08001194   Section        0  stm32f4xx_hal_rcc.o(i.HAL_RCC_GetPCLK1Freq)
    i.HAL_RCC_GetSysClockFreq                0x080011b4   Section        0  stm32f4xx_hal_rcc.o(i.HAL_RCC_GetSysClockFreq)
    i.HAL_RCC_OscConfig                      0x08001214   Section        0  stm32f4xx_hal_rcc.o(i.HAL_RCC_OscConfig)
    i.HAL_SYSTICK_CLKSourceConfig            0x08001530   Section        0  stm32f4xx_hal_cortex.o(i.HAL_SYSTICK_CLKSourceConfig)
    i.HAL_SYSTICK_Config                     0x08001548   Section        0  stm32f4xx_hal_cortex.o(i.HAL_SYSTICK_Config)
    i.HardFault_Handler                      0x08001570   Section        0  stm32f4xx_it.o(i.HardFault_Handler)
    i.I2C1_ER_IRQHandler                     0x08001574   Section        0  stm32f4xx_it.o(i.I2C1_ER_IRQHandler)
    i.I2C1_EV_IRQHandler                     0x08001580   Section        0  stm32f4xx_it.o(i.I2C1_EV_IRQHandler)
    i.I2C_DMAAbort                           0x0800158c   Section        0  stm32f4xx_hal_i2c.o(i.I2C_DMAAbort)
    I2C_DMAAbort                             0x0800158d   Thumb Code    78  stm32f4xx_hal_i2c.o(i.I2C_DMAAbort)
    i.I2C_DMAError                           0x080015da   Section        0  stm32f4xx_hal_i2c.o(i.I2C_DMAError)
    I2C_DMAError                             0x080015db   Thumb Code    52  stm32f4xx_hal_i2c.o(i.I2C_DMAError)
    i.I2C_DMAXferCplt                        0x0800160e   Section        0  stm32f4xx_hal_i2c.o(i.I2C_DMAXferCplt)
    I2C_DMAXferCplt                          0x0800160f   Thumb Code   134  stm32f4xx_hal_i2c.o(i.I2C_DMAXferCplt)
    i.I2C_ITError                            0x08001694   Section        0  stm32f4xx_hal_i2c.o(i.I2C_ITError)
    I2C_ITError                              0x08001695   Thumb Code   284  stm32f4xx_hal_i2c.o(i.I2C_ITError)
    i.I2C_MasterReceive_BTF                  0x080017b8   Section        0  stm32f4xx_hal_i2c.o(i.I2C_MasterReceive_BTF)
    I2C_MasterReceive_BTF                    0x080017b9   Thumb Code   190  stm32f4xx_hal_i2c.o(i.I2C_MasterReceive_BTF)
    i.I2C_MasterReceive_RXNE                 0x08001876   Section        0  stm32f4xx_hal_i2c.o(i.I2C_MasterReceive_RXNE)
    I2C_MasterReceive_RXNE                   0x08001877   Thumb Code   132  stm32f4xx_hal_i2c.o(i.I2C_MasterReceive_RXNE)
    i.I2C_MasterTransmit_BTF                 0x080018fa   Section        0  stm32f4xx_hal_i2c.o(i.I2C_MasterTransmit_BTF)
    I2C_MasterTransmit_BTF                   0x080018fb   Thumb Code   128  stm32f4xx_hal_i2c.o(i.I2C_MasterTransmit_BTF)
    i.I2C_MasterTransmit_TXE                 0x0800197c   Section        0  stm32f4xx_hal_i2c.o(i.I2C_MasterTransmit_TXE)
    I2C_MasterTransmit_TXE                   0x0800197d   Thumb Code   264  stm32f4xx_hal_i2c.o(i.I2C_MasterTransmit_TXE)
    i.I2C_Master_ADDR                        0x08001a84   Section        0  stm32f4xx_hal_i2c.o(i.I2C_Master_ADDR)
    I2C_Master_ADDR                          0x08001a85   Thumb Code   244  stm32f4xx_hal_i2c.o(i.I2C_Master_ADDR)
    i.I2C_Master_SB                          0x08001b78   Section        0  stm32f4xx_hal_i2c.o(i.I2C_Master_SB)
    I2C_Master_SB                            0x08001b79   Thumb Code    90  stm32f4xx_hal_i2c.o(i.I2C_Master_SB)
    i.I2C_Slave_AF                           0x08001bd4   Section        0  stm32f4xx_hal_i2c.o(i.I2C_Slave_AF)
    I2C_Slave_AF                             0x08001bd5   Thumb Code   128  stm32f4xx_hal_i2c.o(i.I2C_Slave_AF)
    i.I2C_Slave_STOPF                        0x08001c58   Section        0  stm32f4xx_hal_i2c.o(i.I2C_Slave_STOPF)
    I2C_Slave_STOPF                          0x08001c59   Thumb Code   214  stm32f4xx_hal_i2c.o(i.I2C_Slave_STOPF)
    i.MX_I2C1_Init                           0x08001d34   Section        0  main.o(i.MX_I2C1_Init)
    MX_I2C1_Init                             0x08001d35   Thumb Code    44  main.o(i.MX_I2C1_Init)
    i.MemManage_Handler                      0x08001d68   Section        0  stm32f4xx_it.o(i.MemManage_Handler)
    i.NMI_Handler                            0x08001d6a   Section        0  stm32f4xx_it.o(i.NMI_Handler)
    i.NVIC_SetPriority                       0x08001d6c   Section        0  stm32f4xx_hal_cortex.o(i.NVIC_SetPriority)
    NVIC_SetPriority                         0x08001d6d   Thumb Code    32  stm32f4xx_hal_cortex.o(i.NVIC_SetPriority)
    i.StartDefaultTask                       0x08001d8c   Section        0  main.o(i.StartDefaultTask)
    i.SysTick_Handler                        0x08001e2c   Section        0  stm32f4xx_it.o(i.SysTick_Handler)
    i.SystemClock_Config                     0x08001e3c   Section        0  main.o(i.SystemClock_Config)
    i.SystemInit                             0x08001ed8   Section        0  system_stm32f4xx.o(i.SystemInit)
    i.UsageFault_Handler                     0x08001f2c   Section        0  stm32f4xx_it.o(i.UsageFault_Handler)
    i._Error_Handler                         0x08001f2e   Section        0  main.o(i._Error_Handler)
    i.__scatterload_copy                     0x08001f30   Section       14  handlers.o(i.__scatterload_copy)
    i.__scatterload_null                     0x08001f3e   Section        2  handlers.o(i.__scatterload_null)
    i.__scatterload_zeroinit                 0x08001f40   Section       14  handlers.o(i.__scatterload_zeroinit)
    i.lcdCommand                             0x08001f50   Section        0  lcd_hd44780_i2c.o(i.lcdCommand)
    i.lcdInit                                0x0800200c   Section        0  lcd_hd44780_i2c.o(i.lcdInit)
    i.lcdPrintStr                            0x080020ec   Section        0  lcd_hd44780_i2c.o(i.lcdPrintStr)
    i.lcdSetCursorPosition                   0x08002110   Section        0  lcd_hd44780_i2c.o(i.lcdSetCursorPosition)
    i.lcdWriteByte                           0x08002140   Section        0  lcd_hd44780_i2c.o(i.lcdWriteByte)
    lcdWriteByte                             0x08002141   Thumb Code   108  lcd_hd44780_i2c.o(i.lcdWriteByte)
    i.main                                   0x080021b4   Section        0  main.o(i.main)
    i.makeFreeRtosPriority                   0x0800223c   Section        0  cmsis_os.o(i.makeFreeRtosPriority)
    makeFreeRtosPriority                     0x0800223d   Thumb Code    12  cmsis_os.o(i.makeFreeRtosPriority)
    i.osKernelStart                          0x08002248   Section        0  cmsis_os.o(i.osKernelStart)
    i.osSystickHandler                       0x08002252   Section        0  cmsis_os.o(i.osSystickHandler)
    i.osThreadCreate                         0x08002266   Section        0  cmsis_os.o(i.osThreadCreate)
    i.prvAddCurrentTaskToDelayedList         0x08002294   Section        0  tasks.o(i.prvAddCurrentTaskToDelayedList)
    prvAddCurrentTaskToDelayedList           0x08002295   Thumb Code   102  tasks.o(i.prvAddCurrentTaskToDelayedList)
    i.prvAddNewTaskToReadyList               0x08002304   Section        0  tasks.o(i.prvAddNewTaskToReadyList)
    prvAddNewTaskToReadyList                 0x08002305   Thumb Code   194  tasks.o(i.prvAddNewTaskToReadyList)
    i.prvCheckTasksWaitingTermination        0x080023d4   Section        0  tasks.o(i.prvCheckTasksWaitingTermination)
    prvCheckTasksWaitingTermination          0x080023d5   Thumb Code    70  tasks.o(i.prvCheckTasksWaitingTermination)
    i.prvDeleteTCB                           0x08002424   Section        0  tasks.o(i.prvDeleteTCB)
    prvDeleteTCB                             0x08002425   Thumb Code    20  tasks.o(i.prvDeleteTCB)
    i.prvHeapInit                            0x08002438   Section        0  heap_4.o(i.prvHeapInit)
    prvHeapInit                              0x08002439   Thumb Code    66  heap_4.o(i.prvHeapInit)
    i.prvIdleTask                            0x08002484   Section        0  tasks.o(i.prvIdleTask)
    prvIdleTask                              0x08002485   Thumb Code    30  tasks.o(i.prvIdleTask)
    i.prvInitialiseNewTask                   0x080024ac   Section        0  tasks.o(i.prvInitialiseNewTask)
    prvInitialiseNewTask                     0x080024ad   Thumb Code   142  tasks.o(i.prvInitialiseNewTask)
    i.prvInsertBlockIntoFreeList             0x0800253c   Section        0  heap_4.o(i.prvInsertBlockIntoFreeList)
    prvInsertBlockIntoFreeList               0x0800253d   Thumb Code    72  heap_4.o(i.prvInsertBlockIntoFreeList)
    i.prvResetNextTaskUnblockTime            0x08002588   Section        0  tasks.o(i.prvResetNextTaskUnblockTime)
    prvResetNextTaskUnblockTime              0x08002589   Thumb Code    26  tasks.o(i.prvResetNextTaskUnblockTime)
    i.prvTaskExitError                       0x080025a8   Section        0  port.o(i.prvTaskExitError)
    prvTaskExitError                         0x080025a9   Thumb Code    36  port.o(i.prvTaskExitError)
    i.pvPortMalloc                           0x080025d0   Section        0  heap_4.o(i.pvPortMalloc)
    i.pxPortInitialiseStack                  0x080026a8   Section        0  port.o(i.pxPortInitialiseStack)
    i.uxListRemove                           0x080026d4   Section        0  list.o(i.uxListRemove)
    i.vListInitialise                        0x080026f8   Section        0  list.o(i.vListInitialise)
    i.vListInitialiseItem                    0x0800270e   Section        0  list.o(i.vListInitialiseItem)
    i.vListInsert                            0x08002714   Section        0  list.o(i.vListInsert)
    i.vListInsertEnd                         0x08002744   Section        0  list.o(i.vListInsertEnd)
    i.vPortEnterCritical                     0x0800275c   Section        0  port.o(i.vPortEnterCritical)
    i.vPortExitCritical                      0x0800279c   Section        0  port.o(i.vPortExitCritical)
    i.vPortFree                              0x080027c4   Section        0  heap_4.o(i.vPortFree)
    i.vPortSetupTimerInterrupt               0x08002820   Section        0  port.o(i.vPortSetupTimerInterrupt)
    i.vTaskDelay                             0x08002840   Section        0  tasks.o(i.vTaskDelay)
    i.vTaskDelayUntil                        0x0800288c   Section        0  tasks.o(i.vTaskDelayUntil)
    i.vTaskStartScheduler                    0x08002918   Section        0  tasks.o(i.vTaskStartScheduler)
    i.vTaskSuspendAll                        0x08002980   Section        0  tasks.o(i.vTaskSuspendAll)
    i.vTaskSwitchContext                     0x08002990   Section        0  tasks.o(i.vTaskSwitchContext)
    i.xPortStartScheduler                    0x080029ec   Section        0  port.o(i.xPortStartScheduler)
    i.xPortSysTickHandler                    0x08002acc   Section        0  port.o(i.xPortSysTickHandler)
    i.xTaskCreate                            0x08002af8   Section        0  tasks.o(i.xTaskCreate)
    i.xTaskGetSchedulerState                 0x08002b50   Section        0  tasks.o(i.xTaskGetSchedulerState)
    i.xTaskGetTickCount                      0x08002b6c   Section        0  tasks.o(i.xTaskGetTickCount)
    i.xTaskIncrementTick                     0x08002b78   Section        0  tasks.o(i.xTaskIncrementTick)
    i.xTaskResumeAll                         0x08002c40   Section        0  tasks.o(i.xTaskResumeAll)
    .constdata                               0x08002d04   Section       20  main.o(.constdata)
    .constdata                               0x08002d18   Section        4  lcd_hd44780_i2c.o(.constdata)
    lineOffsets                              0x08002d18   Data           4  lcd_hd44780_i2c.o(.constdata)
    .constdata                               0x08002d1c   Section        8  stm32f4xx_hal_dma.o(.constdata)
    flagBitshiftOffset                       0x08002d1c   Data           8  stm32f4xx_hal_dma.o(.constdata)
    .constdata                               0x08002d24   Section       16  system_stm32f4xx.o(.constdata)
    .constdata                               0x08002d34   Section        8  system_stm32f4xx.o(.constdata)
    .conststring                             0x08002d3c   Section       12  main.o(.conststring)
    .data                                    0x20000000   Section        4  main.o(.data)
    .data                                    0x20000004   Section        6  lcd_hd44780_i2c.o(.data)
    .data                                    0x2000000c   Section       12  stm32f4xx_hal.o(.data)
    .data                                    0x20000018   Section        4  system_stm32f4xx.o(.data)
    .data                                    0x2000001c   Section       24  heap_4.o(.data)
    pxEnd                                    0x2000001c   Data           4  heap_4.o(.data)
    xFreeBytesRemaining                      0x20000020   Data           4  heap_4.o(.data)
    xMinimumEverFreeBytesRemaining           0x20000024   Data           4  heap_4.o(.data)
    xBlockAllocatedBit                       0x20000028   Data           4  heap_4.o(.data)
    xStart                                   0x2000002c   Data           8  heap_4.o(.data)
    .data                                    0x20000034   Section       12  port.o(.data)
    ucMaxSysCallPriority                     0x20000034   Data           1  port.o(.data)
    uxCriticalNesting                        0x20000038   Data           4  port.o(.data)
    ulMaxPRIGROUPValue                       0x2000003c   Data           4  port.o(.data)
    .data                                    0x20000040   Section       60  tasks.o(.data)
    uxDeletedTasksWaitingCleanUp             0x20000044   Data           4  tasks.o(.data)
    uxCurrentNumberOfTasks                   0x20000048   Data           4  tasks.o(.data)
    xTickCount                               0x2000004c   Data           4  tasks.o(.data)
    uxTopReadyPriority                       0x20000050   Data           4  tasks.o(.data)
    xSchedulerRunning                        0x20000054   Data           4  tasks.o(.data)
    uxPendedTicks                            0x20000058   Data           4  tasks.o(.data)
    xYieldPending                            0x2000005c   Data           4  tasks.o(.data)
    xNumOfOverflows                          0x20000060   Data           4  tasks.o(.data)
    uxTaskNumber                             0x20000064   Data           4  tasks.o(.data)
    xNextTaskUnblockTime                     0x20000068   Data           4  tasks.o(.data)
    xIdleTaskHandle                          0x2000006c   Data           4  tasks.o(.data)
    uxSchedulerSuspended                     0x20000070   Data           4  tasks.o(.data)
    pxDelayedTaskList                        0x20000074   Data           4  tasks.o(.data)
    pxOverflowDelayedTaskList                0x20000078   Data           4  tasks.o(.data)
    .bss                                     0x2000007c   Section       84  main.o(.bss)
    .bss                                     0x200000d0   Section       96  main.o(.bss)
    .bss                                     0x20000130   Section       96  main.o(.bss)
    .bss                                     0x20000190   Section       12  lcd_hd44780_i2c.o(.bss)
    lcdParams                                0x20000190   Data          12  lcd_hd44780_i2c.o(.bss)
    .bss                                     0x2000019c   Section    15360  heap_4.o(.bss)
    ucHeap                                   0x2000019c   Data       15360  heap_4.o(.bss)
    .bss                                     0x20003d9c   Section      240  tasks.o(.bss)
    pxReadyTasksLists                        0x20003d9c   Data         140  tasks.o(.bss)
    xDelayedTaskList1                        0x20003e28   Data          20  tasks.o(.bss)
    xDelayedTaskList2                        0x20003e3c   Data          20  tasks.o(.bss)
    xPendingReadyList                        0x20003e50   Data          20  tasks.o(.bss)
    xTasksWaitingTermination                 0x20003e64   Data          20  tasks.o(.bss)
    xSuspendedTaskList                       0x20003e78   Data          20  tasks.o(.bss)
    STACK                                    0x20003e90   Section     1024  startup_stm32f411xe.o(STACK)

    Global Symbols

    Symbol Name                              Value     Ov Type        Size  Object(Section)

    BuildAttributes$$THM_ISAv4$E$P$D$K$B$S$7EM$VFPi3$EXTD16$VFPS$VFMA$PE$A:L22UL41UL21$X:L11$S22US41US21$IEEE1$IW$USESV6$~STKCKD$USESV7$~SHL$OSPACE$EBA8$MICROLIB$REQ8$PRES8$EABIv2 0x00000000   Number         0  anon$$obj.o ABSOLUTE
    __ARM_use_no_argv                        0x00000000   Number         0  main.o ABSOLUTE
    __cpp_initialize__aeabi_                  - Undefined Weak Reference
    __cxa_finalize                            - Undefined Weak Reference
    __decompress                              - Undefined Weak Reference
    _clock_init                               - Undefined Weak Reference
    _microlib_exit                            - Undefined Weak Reference
    __Vectors_Size                           0x00000198   Number         0  startup_stm32f411xe.o ABSOLUTE
    __Vectors                                0x08000000   Data           4  startup_stm32f411xe.o(RESET)
    __Vectors_End                            0x08000198   Data           0  startup_stm32f411xe.o(RESET)
    __main                                   0x08000199   Thumb Code     0  entry.o(.ARM.Collect$$$$00000000)
    _main_stk                                0x08000199   Thumb Code     0  entry2.o(.ARM.Collect$$$$00000001)
    _main_scatterload                        0x0800019d   Thumb Code     0  entry5.o(.ARM.Collect$$$$00000004)
    __main_after_scatterload                 0x080001a1   Thumb Code     0  entry5.o(.ARM.Collect$$$$00000004)
    _main_clock                              0x080001a1   Thumb Code     0  entry7b.o(.ARM.Collect$$$$00000008)
    _main_cpp_init                           0x080001a1   Thumb Code     0  entry8b.o(.ARM.Collect$$$$0000000A)
    _main_init                               0x080001a1   Thumb Code     0  entry9a.o(.ARM.Collect$$$$0000000B)
    __rt_final_cpp                           0x080001a9   Thumb Code     0  entry10a.o(.ARM.Collect$$$$0000000D)
    __rt_final_exit                          0x080001a9   Thumb Code     0  entry11a.o(.ARM.Collect$$$$0000000F)
    SVC_Handler                              0x080001ad   Thumb Code    28  port.o(.emb_text)
    __asm___6_port_c_39a90d8d__prvStartFirstTask 0x080001cd   Thumb Code    28  port.o(.emb_text)
    __asm___6_port_c_39a90d8d__prvEnableVFP  0x080001ed   Thumb Code    16  port.o(.emb_text)
    PendSV_Handler                           0x08000201   Thumb Code    92  port.o(.emb_text)
    vPortGetIPSR                             0x08000261   Thumb Code     6  port.o(.emb_text)
    Reset_Handler                            0x08000269   Thumb Code     8  startup_stm32f411xe.o(.text)
    ADC_IRQHandler                           0x08000283   Thumb Code     0  startup_stm32f411xe.o(.text)
    DMA1_Stream2_IRQHandler                  0x08000283   Thumb Code     0  startup_stm32f411xe.o(.text)
    DMA1_Stream3_IRQHandler                  0x08000283   Thumb Code     0  startup_stm32f411xe.o(.text)
    DMA1_Stream4_IRQHandler                  0x08000283   Thumb Code     0  startup_stm32f411xe.o(.text)
    DMA1_Stream5_IRQHandler                  0x08000283   Thumb Code     0  startup_stm32f411xe.o(.text)
    DMA1_Stream6_IRQHandler                  0x08000283   Thumb Code     0  startup_stm32f411xe.o(.text)
    DMA1_Stream7_IRQHandler                  0x08000283   Thumb Code     0  startup_stm32f411xe.o(.text)
    DMA2_Stream0_IRQHandler                  0x08000283   Thumb Code     0  startup_stm32f411xe.o(.text)
    DMA2_Stream1_IRQHandler                  0x08000283   Thumb Code     0  startup_stm32f411xe.o(.text)
    DMA2_Stream2_IRQHandler                  0x08000283   Thumb Code     0  startup_stm32f411xe.o(.text)
    DMA2_Stream3_IRQHandler                  0x08000283   Thumb Code     0  startup_stm32f411xe.o(.text)
    DMA2_Stream4_IRQHandler                  0x08000283   Thumb Code     0  startup_stm32f411xe.o(.text)
    DMA2_Stream5_IRQHandler                  0x08000283   Thumb Code     0  startup_stm32f411xe.o(.text)
    DMA2_Stream6_IRQHandler                  0x08000283   Thumb Code     0  startup_stm32f411xe.o(.text)
    DMA2_Stream7_IRQHandler                  0x08000283   Thumb Code     0  startup_stm32f411xe.o(.text)
    EXTI0_IRQHandler                         0x08000283   Thumb Code     0  startup_stm32f411xe.o(.text)
    EXTI15_10_IRQHandler                     0x08000283   Thumb Code     0  startup_stm32f411xe.o(.text)
    EXTI1_IRQHandler                         0x08000283   Thumb Code     0  startup_stm32f411xe.o(.text)
    EXTI2_IRQHandler                         0x08000283   Thumb Code     0  startup_stm32f411xe.o(.text)
    EXTI3_IRQHandler                         0x08000283   Thumb Code     0  startup_stm32f411xe.o(.text)
    EXTI4_IRQHandler                         0x08000283   Thumb Code     0  startup_stm32f411xe.o(.text)
    EXTI9_5_IRQHandler                       0x08000283   Thumb Code     0  startup_stm32f411xe.o(.text)
    FLASH_IRQHandler                         0x08000283   Thumb Code     0  startup_stm32f411xe.o(.text)
    FPU_IRQHandler                           0x08000283   Thumb Code     0  startup_stm32f411xe.o(.text)
    I2C2_ER_IRQHandler                       0x08000283   Thumb Code     0  startup_stm32f411xe.o(.text)
    I2C2_EV_IRQHandler                       0x08000283   Thumb Code     0  startup_stm32f411xe.o(.text)
    I2C3_ER_IRQHandler                       0x08000283   Thumb Code     0  startup_stm32f411xe.o(.text)
    I2C3_EV_IRQHandler                       0x08000283   Thumb Code     0  startup_stm32f411xe.o(.text)
    OTG_FS_IRQHandler                        0x08000283   Thumb Code     0  startup_stm32f411xe.o(.text)
    OTG_FS_WKUP_IRQHandler                   0x08000283   Thumb Code     0  startup_stm32f411xe.o(.text)
    PVD_IRQHandler                           0x08000283   Thumb Code     0  startup_stm32f411xe.o(.text)
    RCC_IRQHandler                           0x08000283   Thumb Code     0  startup_stm32f411xe.o(.text)
    RTC_Alarm_IRQHandler                     0x08000283   Thumb Code     0  startup_stm32f411xe.o(.text)
    RTC_WKUP_IRQHandler                      0x08000283   Thumb Code     0  startup_stm32f411xe.o(.text)
    SDIO_IRQHandler                          0x08000283   Thumb Code     0  startup_stm32f411xe.o(.text)
    SPI1_IRQHandler                          0x08000283   Thumb Code     0  startup_stm32f411xe.o(.text)
    SPI2_IRQHandler                          0x08000283   Thumb Code     0  startup_stm32f411xe.o(.text)
    SPI3_IRQHandler                          0x08000283   Thumb Code     0  startup_stm32f411xe.o(.text)
    SPI4_IRQHandler                          0x08000283   Thumb Code     0  startup_stm32f411xe.o(.text)
    SPI5_IRQHandler                          0x08000283   Thumb Code     0  startup_stm32f411xe.o(.text)
    TAMP_STAMP_IRQHandler                    0x08000283   Thumb Code     0  startup_stm32f411xe.o(.text)
    TIM1_BRK_TIM9_IRQHandler                 0x08000283   Thumb Code     0  startup_stm32f411xe.o(.text)
    TIM1_CC_IRQHandler                       0x08000283   Thumb Code     0  startup_stm32f411xe.o(.text)
    TIM1_TRG_COM_TIM11_IRQHandler            0x08000283   Thumb Code     0  startup_stm32f411xe.o(.text)
    TIM1_UP_TIM10_IRQHandler                 0x08000283   Thumb Code     0  startup_stm32f411xe.o(.text)
    TIM2_IRQHandler                          0x08000283   Thumb Code     0  startup_stm32f411xe.o(.text)
    TIM3_IRQHandler                          0x08000283   Thumb Code     0  startup_stm32f411xe.o(.text)
    TIM4_IRQHandler                          0x08000283   Thumb Code     0  startup_stm32f411xe.o(.text)
    TIM5_IRQHandler                          0x08000283   Thumb Code     0  startup_stm32f411xe.o(.text)
    USART1_IRQHandler                        0x08000283   Thumb Code     0  startup_stm32f411xe.o(.text)
    USART2_IRQHandler                        0x08000283   Thumb Code     0  startup_stm32f411xe.o(.text)
    USART6_IRQHandler                        0x08000283   Thumb Code     0  startup_stm32f411xe.o(.text)
    WWDG_IRQHandler                          0x08000283   Thumb Code     0  startup_stm32f411xe.o(.text)
    __aeabi_uldivmod                         0x0800028d   Thumb Code    98  uldiv.o(.text)
    __aeabi_memcpy                           0x080002ef   Thumb Code    36  memcpya.o(.text)
    __aeabi_memcpy4                          0x080002ef   Thumb Code     0  memcpya.o(.text)
    __aeabi_memcpy8                          0x080002ef   Thumb Code     0  memcpya.o(.text)
    __aeabi_llsl                             0x08000313   Thumb Code    30  llshl.o(.text)
    _ll_shift_l                              0x08000313   Thumb Code     0  llshl.o(.text)
    __aeabi_llsr                             0x08000331   Thumb Code    32  llushr.o(.text)
    _ll_ushift_r                             0x08000331   Thumb Code     0  llushr.o(.text)
    __scatterload                            0x08000351   Thumb Code    28  init.o(.text)
    __scatterload_rt2                        0x08000351   Thumb Code     0  init.o(.text)
    BusFault_Handler                         0x08000375   Thumb Code     2  stm32f4xx_it.o(i.BusFault_Handler)
    DMA1_Stream0_IRQHandler                  0x08000379   Thumb Code     6  stm32f4xx_it.o(i.DMA1_Stream0_IRQHandler)
    DMA1_Stream1_IRQHandler                  0x08000385   Thumb Code     6  stm32f4xx_it.o(i.DMA1_Stream1_IRQHandler)
    DebugMon_Handler                         0x08000435   Thumb Code     2  stm32f4xx_it.o(i.DebugMon_Handler)
    HAL_DMA_Abort_IT                         0x08000437   Thumb Code    36  stm32f4xx_hal_dma.o(i.HAL_DMA_Abort_IT)
    HAL_DMA_GetError                         0x0800045b   Thumb Code     4  stm32f4xx_hal_dma.o(i.HAL_DMA_GetError)
    HAL_DMA_IRQHandler                       0x08000461   Thumb Code   412  stm32f4xx_hal_dma.o(i.HAL_DMA_IRQHandler)
    HAL_DMA_Init                             0x08000601   Thumb Code   206  stm32f4xx_hal_dma.o(i.HAL_DMA_Init)
    HAL_DMA_Start_IT                         0x080006d5   Thumb Code   120  stm32f4xx_hal_dma.o(i.HAL_DMA_Start_IT)
    HAL_GPIO_Init                            0x0800074d   Thumb Code   358  stm32f4xx_hal_gpio.o(i.HAL_GPIO_Init)
    HAL_GetTick                              0x080008d5   Thumb Code     6  stm32f4xx_hal.o(i.HAL_GetTick)
    HAL_I2C_AbortCpltCallback                0x080008e1   Thumb Code     2  stm32f4xx_hal_i2c.o(i.HAL_I2C_AbortCpltCallback)
    HAL_I2C_AddrCallback                     0x080008e3   Thumb Code     2  stm32f4xx_hal_i2c.o(i.HAL_I2C_AddrCallback)
    HAL_I2C_ER_IRQHandler                    0x080008e5   Thumb Code   192  stm32f4xx_hal_i2c.o(i.HAL_I2C_ER_IRQHandler)
    HAL_I2C_EV_IRQHandler                    0x080009a9   Thumb Code   486  stm32f4xx_hal_i2c.o(i.HAL_I2C_EV_IRQHandler)
    HAL_I2C_ErrorCallback                    0x08000b99   Thumb Code     2  stm32f4xx_hal_i2c.o(i.HAL_I2C_ErrorCallback)
    HAL_I2C_GetState                         0x08000b9b   Thumb Code     6  stm32f4xx_hal_i2c.o(i.HAL_I2C_GetState)
    HAL_I2C_Init                             0x08000ba1   Thumb Code   254  stm32f4xx_hal_i2c.o(i.HAL_I2C_Init)
    HAL_I2C_ListenCpltCallback               0x08000ca9   Thumb Code     2  stm32f4xx_hal_i2c.o(i.HAL_I2C_ListenCpltCallback)
    HAL_I2C_MasterRxCpltCallback             0x08000cab   Thumb Code     2  stm32f4xx_hal_i2c.o(i.HAL_I2C_MasterRxCpltCallback)
    HAL_I2C_MasterTxCpltCallback             0x08000cad   Thumb Code     2  stm32f4xx_hal_i2c.o(i.HAL_I2C_MasterTxCpltCallback)
    HAL_I2C_Master_Transmit_DMA              0x08000cb1   Thumb Code   278  stm32f4xx_hal_i2c.o(i.HAL_I2C_Master_Transmit_DMA)
    HAL_I2C_MemRxCpltCallback                0x08000dd9   Thumb Code     2  stm32f4xx_hal_i2c.o(i.HAL_I2C_MemRxCpltCallback)
    HAL_I2C_MemTxCpltCallback                0x08000ddb   Thumb Code     2  stm32f4xx_hal_i2c.o(i.HAL_I2C_MemTxCpltCallback)
    HAL_I2C_MspInit                          0x08000ddd   Thumb Code   192  stm32f4xx_hal_msp.o(i.HAL_I2C_MspInit)
    HAL_I2C_SlaveRxCpltCallback              0x08000ed1   Thumb Code     2  stm32f4xx_hal_i2c.o(i.HAL_I2C_SlaveRxCpltCallback)
    HAL_I2C_SlaveTxCpltCallback              0x08000ed3   Thumb Code     2  stm32f4xx_hal_i2c.o(i.HAL_I2C_SlaveTxCpltCallback)
    HAL_IncTick                              0x08000ed5   Thumb Code    12  stm32f4xx_hal.o(i.HAL_IncTick)
    HAL_Init                                 0x08000ee5   Thumb Code    48  stm32f4xx_hal.o(i.HAL_Init)
    HAL_InitTick                             0x08000f19   Thumb Code    54  stm32f4xx_hal.o(i.HAL_InitTick)
    HAL_MspInit                              0x08000f59   Thumb Code   126  stm32f4xx_hal_msp.o(i.HAL_MspInit)
    HAL_NVIC_EnableIRQ                       0x08000fdd   Thumb Code    22  stm32f4xx_hal_cortex.o(i.HAL_NVIC_EnableIRQ)
    HAL_NVIC_SetPriority                     0x08000ff5   Thumb Code    60  stm32f4xx_hal_cortex.o(i.HAL_NVIC_SetPriority)
    HAL_NVIC_SetPriorityGrouping             0x08001035   Thumb Code    26  stm32f4xx_hal_cortex.o(i.HAL_NVIC_SetPriorityGrouping)
    HAL_RCC_ClockConfig                      0x08001059   Thumb Code   286  stm32f4xx_hal_rcc.o(i.HAL_RCC_ClockConfig)
    HAL_RCC_GetHCLKFreq                      0x08001189   Thumb Code     6  stm32f4xx_hal_rcc.o(i.HAL_RCC_GetHCLKFreq)
    HAL_RCC_GetPCLK1Freq                     0x08001195   Thumb Code    20  stm32f4xx_hal_rcc.o(i.HAL_RCC_GetPCLK1Freq)
    HAL_RCC_GetSysClockFreq                  0x080011b5   Thumb Code    88  stm32f4xx_hal_rcc.o(i.HAL_RCC_GetSysClockFreq)
    HAL_RCC_OscConfig                        0x08001215   Thumb Code   770  stm32f4xx_hal_rcc.o(i.HAL_RCC_OscConfig)
    HAL_SYSTICK_CLKSourceConfig              0x08001531   Thumb Code    24  stm32f4xx_hal_cortex.o(i.HAL_SYSTICK_CLKSourceConfig)
    HAL_SYSTICK_Config                       0x08001549   Thumb Code    40  stm32f4xx_hal_cortex.o(i.HAL_SYSTICK_Config)
    HardFault_Handler                        0x08001571   Thumb Code     2  stm32f4xx_it.o(i.HardFault_Handler)
    I2C1_ER_IRQHandler                       0x08001575   Thumb Code     6  stm32f4xx_it.o(i.I2C1_ER_IRQHandler)
    I2C1_EV_IRQHandler                       0x08001581   Thumb Code     6  stm32f4xx_it.o(i.I2C1_EV_IRQHandler)
    MemManage_Handler                        0x08001d69   Thumb Code     2  stm32f4xx_it.o(i.MemManage_Handler)
    NMI_Handler                              0x08001d6b   Thumb Code     2  stm32f4xx_it.o(i.NMI_Handler)
    StartDefaultTask                         0x08001d8d   Thumb Code    96  main.o(i.StartDefaultTask)
    SysTick_Handler                          0x08001e2d   Thumb Code    14  stm32f4xx_it.o(i.SysTick_Handler)
    SystemClock_Config                       0x08001e3d   Thumb Code   146  main.o(i.SystemClock_Config)
    SystemInit                               0x08001ed9   Thumb Code    66  system_stm32f4xx.o(i.SystemInit)
    UsageFault_Handler                       0x08001f2d   Thumb Code     2  stm32f4xx_it.o(i.UsageFault_Handler)
    _Error_Handler                           0x08001f2f   Thumb Code     2  main.o(i._Error_Handler)
    __scatterload_copy                       0x08001f31   Thumb Code    14  handlers.o(i.__scatterload_copy)
    __scatterload_null                       0x08001f3f   Thumb Code     2  handlers.o(i.__scatterload_null)
    __scatterload_zeroinit                   0x08001f41   Thumb Code    14  handlers.o(i.__scatterload_zeroinit)
    lcdCommand                               0x08001f51   Thumb Code   184  lcd_hd44780_i2c.o(i.lcdCommand)
    lcdInit                                  0x0800200d   Thumb Code   214  lcd_hd44780_i2c.o(i.lcdInit)
    lcdPrintStr                              0x080020ed   Thumb Code    34  lcd_hd44780_i2c.o(i.lcdPrintStr)
    lcdSetCursorPosition                     0x08002111   Thumb Code    38  lcd_hd44780_i2c.o(i.lcdSetCursorPosition)
    main                                     0x080021b5   Thumb Code   124  main.o(i.main)
    osKernelStart                            0x08002249   Thumb Code    10  cmsis_os.o(i.osKernelStart)
    osSystickHandler                         0x08002253   Thumb Code    20  cmsis_os.o(i.osSystickHandler)
    osThreadCreate                           0x08002267   Thumb Code    46  cmsis_os.o(i.osThreadCreate)
    pvPortMalloc                             0x080025d1   Thumb Code   210  heap_4.o(i.pvPortMalloc)
    pxPortInitialiseStack                    0x080026a9   Thumb Code    40  port.o(i.pxPortInitialiseStack)
    uxListRemove                             0x080026d5   Thumb Code    36  list.o(i.uxListRemove)
    vListInitialise                          0x080026f9   Thumb Code    22  list.o(i.vListInitialise)
    vListInitialiseItem                      0x0800270f   Thumb Code     6  list.o(i.vListInitialiseItem)
    vListInsert                              0x08002715   Thumb Code    48  list.o(i.vListInsert)
    vListInsertEnd                           0x08002745   Thumb Code    24  list.o(i.vListInsertEnd)
    vPortEnterCritical                       0x0800275d   Thumb Code    54  port.o(i.vPortEnterCritical)
    vPortExitCritical                        0x0800279d   Thumb Code    34  port.o(i.vPortExitCritical)
    vPortFree                                0x080027c5   Thumb Code    88  heap_4.o(i.vPortFree)
    vPortSetupTimerInterrupt                 0x08002821   Thumb Code    26  port.o(i.vPortSetupTimerInterrupt)
    vTaskDelay                               0x08002841   Thumb Code    66  tasks.o(i.vTaskDelay)
    vTaskDelayUntil                          0x0800288d   Thumb Code   132  tasks.o(i.vTaskDelayUntil)
    vTaskStartScheduler                      0x08002919   Thumb Code    86  tasks.o(i.vTaskStartScheduler)
    vTaskSuspendAll                          0x08002981   Thumb Code    10  tasks.o(i.vTaskSuspendAll)
    vTaskSwitchContext                       0x08002991   Thumb Code    82  tasks.o(i.vTaskSwitchContext)
    xPortStartScheduler                      0x080029ed   Thumb Code   202  port.o(i.xPortStartScheduler)
    xPortSysTickHandler                      0x08002acd   Thumb Code    38  port.o(i.xPortSysTickHandler)
    xTaskCreate                              0x08002af9   Thumb Code    86  tasks.o(i.xTaskCreate)
    xTaskGetSchedulerState                   0x08002b51   Thumb Code    22  tasks.o(i.xTaskGetSchedulerState)
    xTaskGetTickCount                        0x08002b6d   Thumb Code     6  tasks.o(i.xTaskGetTickCount)
    xTaskIncrementTick                       0x08002b79   Thumb Code   192  tasks.o(i.xTaskIncrementTick)
    xTaskResumeAll                           0x08002c41   Thumb Code   182  tasks.o(i.xTaskResumeAll)
    AHBPrescTable                            0x08002d24   Data          16  system_stm32f4xx.o(.constdata)
    APBPrescTable                            0x08002d34   Data           8  system_stm32f4xx.o(.constdata)
    Region$$Table$$Base                      0x08002d48   Number         0  anon$$obj.o(Region$$Table)
    Region$$Table$$Limit                     0x08002d68   Number         0  anon$$obj.o(Region$$Table)
    defaultTaskHandle                        0x20000000   Data           4  main.o(.data)
    lcdCommandBuffer                         0x20000004   Data           6  lcd_hd44780_i2c.o(.data)
    uwTickFreq                               0x2000000c   Data           1  stm32f4xx_hal.o(.data)
    uwTickPrio                               0x20000010   Data           4  stm32f4xx_hal.o(.data)
    uwTick                                   0x20000014   Data           4  stm32f4xx_hal.o(.data)
    SystemCoreClock                          0x20000018   Data           4  system_stm32f4xx.o(.data)
    pxCurrentTCB                             0x20000040   Data           4  tasks.o(.data)
    hi2c1                                    0x2000007c   Data          84  main.o(.bss)
    hdma_i2c1_tx                             0x200000d0   Data          96  main.o(.bss)
    hdma_i2c1_rx                             0x20000130   Data          96  main.o(.bss)
    __initial_sp                             0x20004290   Data           0  startup_stm32f411xe.o(STACK)



==============================================================================

Memory Map of the image

  Image Entry point : 0x08000199

  Load Region LR_IROM1 (Base: 0x08000000, Size: 0x00002de4, Max: 0x00080000, ABSOLUTE)

    Execution Region ER_IROM1 (Exec base: 0x08000000, Load base: 0x08000000, Size: 0x00002d68, Max: 0x00080000, ABSOLUTE)

    Exec Addr    Load Addr    Size         Type   Attr      Idx    E Section Name        Object

    0x08000000   0x08000000   0x00000198   Data   RO            3    RESET               startup_stm32f411xe.o
    0x08000198   0x08000198   0x00000000   Code   RO         3303  * .ARM.Collect$$$$00000000  mc_w.l(entry.o)
    0x08000198   0x08000198   0x00000004   Code   RO         3312    .ARM.Collect$$$$00000001  mc_w.l(entry2.o)
    0x0800019c   0x0800019c   0x00000004   Code   RO         3315    .ARM.Collect$$$$00000004  mc_w.l(entry5.o)
    0x080001a0   0x080001a0   0x00000000   Code   RO         3317    .ARM.Collect$$$$00000008  mc_w.l(entry7b.o)
    0x080001a0   0x080001a0   0x00000000   Code   RO         3319    .ARM.Collect$$$$0000000A  mc_w.l(entry8b.o)
    0x080001a0   0x080001a0   0x00000008   Code   RO         3320    .ARM.Collect$$$$0000000B  mc_w.l(entry9a.o)
    0x080001a8   0x080001a8   0x00000000   Code   RO         3322    .ARM.Collect$$$$0000000D  mc_w.l(entry10a.o)
    0x080001a8   0x080001a8   0x00000000   Code   RO         3324    .ARM.Collect$$$$0000000F  mc_w.l(entry11a.o)
    0x080001a8   0x080001a8   0x00000004   Code   RO         3313    .ARM.Collect$$$$00002712  mc_w.l(entry2.o)
    0x080001ac   0x080001ac   0x000000ba   Code   RO         2295    .emb_text           port.o
    0x08000266   0x08000266   0x00000002   PAD
    0x08000268   0x08000268   0x00000024   Code   RO            4    .text               startup_stm32f411xe.o
    0x0800028c   0x0800028c   0x00000062   Code   RO         3306    .text               mc_w.l(uldiv.o)
    0x080002ee   0x080002ee   0x00000024   Code   RO         3308    .text               mc_w.l(memcpya.o)
    0x08000312   0x08000312   0x0000001e   Code   RO         3326    .text               mc_w.l(llshl.o)
    0x08000330   0x08000330   0x00000020   Code   RO         3328    .text               mc_w.l(llushr.o)
    0x08000350   0x08000350   0x00000024   Code   RO         3330    .text               mc_w.l(init.o)
    0x08000374   0x08000374   0x00000002   Code   RO          373    i.BusFault_Handler  stm32f4xx_it.o
    0x08000376   0x08000376   0x00000002   PAD
    0x08000378   0x08000378   0x0000000c   Code   RO          374    i.DMA1_Stream0_IRQHandler  stm32f4xx_it.o
    0x08000384   0x08000384   0x0000000c   Code   RO          375    i.DMA1_Stream1_IRQHandler  stm32f4xx_it.o
    0x08000390   0x08000390   0x00000028   Code   RO         1589    i.DMA_CalcBaseAndBitshift  stm32f4xx_hal_dma.o
    0x080003b8   0x080003b8   0x00000054   Code   RO         1590    i.DMA_CheckFifoParam  stm32f4xx_hal_dma.o
    0x0800040c   0x0800040c   0x00000028   Code   RO         1591    i.DMA_SetConfig     stm32f4xx_hal_dma.o
    0x08000434   0x08000434   0x00000002   Code   RO          376    i.DebugMon_Handler  stm32f4xx_it.o
    0x08000436   0x08000436   0x00000024   Code   RO         1593    i.HAL_DMA_Abort_IT  stm32f4xx_hal_dma.o
    0x0800045a   0x0800045a   0x00000004   Code   RO         1595    i.HAL_DMA_GetError  stm32f4xx_hal_dma.o
    0x0800045e   0x0800045e   0x00000002   PAD
    0x08000460   0x08000460   0x000001a0   Code   RO         1597    i.HAL_DMA_IRQHandler  stm32f4xx_hal_dma.o
    0x08000600   0x08000600   0x000000d4   Code   RO         1598    i.HAL_DMA_Init      stm32f4xx_hal_dma.o
    0x080006d4   0x080006d4   0x00000078   Code   RO         1602    i.HAL_DMA_Start_IT  stm32f4xx_hal_dma.o
    0x0800074c   0x0800074c   0x00000188   Code   RO         1485    i.HAL_GPIO_Init     stm32f4xx_hal_gpio.o
    0x080008d4   0x080008d4   0x0000000c   Code   RO         2041    i.HAL_GetTick       stm32f4xx_hal.o
    0x080008e0   0x080008e0   0x00000002   Code   RO          612    i.HAL_I2C_AbortCpltCallback  stm32f4xx_hal_i2c.o
    0x080008e2   0x080008e2   0x00000002   Code   RO          613    i.HAL_I2C_AddrCallback  stm32f4xx_hal_i2c.o
    0x080008e4   0x080008e4   0x000000c4   Code   RO          616    i.HAL_I2C_ER_IRQHandler  stm32f4xx_hal_i2c.o
    0x080009a8   0x080009a8   0x000001f0   Code   RO          617    i.HAL_I2C_EV_IRQHandler  stm32f4xx_hal_i2c.o
    0x08000b98   0x08000b98   0x00000002   Code   RO          619    i.HAL_I2C_ErrorCallback  stm32f4xx_hal_i2c.o
    0x08000b9a   0x08000b9a   0x00000006   Code   RO          622    i.HAL_I2C_GetState  stm32f4xx_hal_i2c.o
    0x08000ba0   0x08000ba0   0x00000108   Code   RO          623    i.HAL_I2C_Init      stm32f4xx_hal_i2c.o
    0x08000ca8   0x08000ca8   0x00000002   Code   RO          625    i.HAL_I2C_ListenCpltCallback  stm32f4xx_hal_i2c.o
    0x08000caa   0x08000caa   0x00000002   Code   RO          626    i.HAL_I2C_MasterRxCpltCallback  stm32f4xx_hal_i2c.o
    0x08000cac   0x08000cac   0x00000002   Code   RO          627    i.HAL_I2C_MasterTxCpltCallback  stm32f4xx_hal_i2c.o
    0x08000cae   0x08000cae   0x00000002   PAD
    0x08000cb0   0x08000cb0   0x00000128   Code   RO          635    i.HAL_I2C_Master_Transmit_DMA  stm32f4xx_hal_i2c.o
    0x08000dd8   0x08000dd8   0x00000002   Code   RO          637    i.HAL_I2C_MemRxCpltCallback  stm32f4xx_hal_i2c.o
    0x08000dda   0x08000dda   0x00000002   Code   RO          638    i.HAL_I2C_MemTxCpltCallback  stm32f4xx_hal_i2c.o
    0x08000ddc   0x08000ddc   0x000000f4   Code   RO          483    i.HAL_I2C_MspInit   stm32f4xx_hal_msp.o
    0x08000ed0   0x08000ed0   0x00000002   Code   RO          647    i.HAL_I2C_SlaveRxCpltCallback  stm32f4xx_hal_i2c.o
    0x08000ed2   0x08000ed2   0x00000002   Code   RO          648    i.HAL_I2C_SlaveTxCpltCallback  stm32f4xx_hal_i2c.o
    0x08000ed4   0x08000ed4   0x00000010   Code   RO         2045    i.HAL_IncTick       stm32f4xx_hal.o
    0x08000ee4   0x08000ee4   0x00000034   Code   RO         2046    i.HAL_Init          stm32f4xx_hal.o
    0x08000f18   0x08000f18   0x00000040   Code   RO         2047    i.HAL_InitTick      stm32f4xx_hal.o
    0x08000f58   0x08000f58   0x00000084   Code   RO          484    i.HAL_MspInit       stm32f4xx_hal_msp.o
    0x08000fdc   0x08000fdc   0x00000016   Code   RO         1898    i.HAL_NVIC_EnableIRQ  stm32f4xx_hal_cortex.o
    0x08000ff2   0x08000ff2   0x00000002   PAD
    0x08000ff4   0x08000ff4   0x00000040   Code   RO         1904    i.HAL_NVIC_SetPriority  stm32f4xx_hal_cortex.o
    0x08001034   0x08001034   0x00000024   Code   RO         1905    i.HAL_NVIC_SetPriorityGrouping  stm32f4xx_hal_cortex.o
    0x08001058   0x08001058   0x00000130   Code   RO         1077    i.HAL_RCC_ClockConfig  stm32f4xx_hal_rcc.o
    0x08001188   0x08001188   0x0000000c   Code   RO         1082    i.HAL_RCC_GetHCLKFreq  stm32f4xx_hal_rcc.o
    0x08001194   0x08001194   0x00000020   Code   RO         1084    i.HAL_RCC_GetPCLK1Freq  stm32f4xx_hal_rcc.o
    0x080011b4   0x080011b4   0x00000060   Code   RO         1086    i.HAL_RCC_GetSysClockFreq  stm32f4xx_hal_rcc.o
    0x08001214   0x08001214   0x0000031c   Code   RO         1089    i.HAL_RCC_OscConfig  stm32f4xx_hal_rcc.o
    0x08001530   0x08001530   0x00000018   Code   RO         1907    i.HAL_SYSTICK_CLKSourceConfig  stm32f4xx_hal_cortex.o
    0x08001548   0x08001548   0x00000028   Code   RO         1909    i.HAL_SYSTICK_Config  stm32f4xx_hal_cortex.o
    0x08001570   0x08001570   0x00000002   Code   RO          377    i.HardFault_Handler  stm32f4xx_it.o
    0x08001572   0x08001572   0x00000002   PAD
    0x08001574   0x08001574   0x0000000c   Code   RO          378    i.I2C1_ER_IRQHandler  stm32f4xx_it.o
    0x08001580   0x08001580   0x0000000c   Code   RO          379    i.I2C1_EV_IRQHandler  stm32f4xx_it.o
    0x0800158c   0x0800158c   0x0000004e   Code   RO          657    i.I2C_DMAAbort      stm32f4xx_hal_i2c.o
    0x080015da   0x080015da   0x00000034   Code   RO          658    i.I2C_DMAError      stm32f4xx_hal_i2c.o
    0x0800160e   0x0800160e   0x00000086   Code   RO          659    i.I2C_DMAXferCplt   stm32f4xx_hal_i2c.o
    0x08001694   0x08001694   0x00000124   Code   RO          660    i.I2C_ITError       stm32f4xx_hal_i2c.o
    0x080017b8   0x080017b8   0x000000be   Code   RO          662    i.I2C_MasterReceive_BTF  stm32f4xx_hal_i2c.o
    0x08001876   0x08001876   0x00000084   Code   RO          663    i.I2C_MasterReceive_RXNE  stm32f4xx_hal_i2c.o
    0x080018fa   0x080018fa   0x00000080   Code   RO          666    i.I2C_MasterTransmit_BTF  stm32f4xx_hal_i2c.o
    0x0800197a   0x0800197a   0x00000002   PAD
    0x0800197c   0x0800197c   0x00000108   Code   RO          667    i.I2C_MasterTransmit_TXE  stm32f4xx_hal_i2c.o
    0x08001a84   0x08001a84   0x000000f4   Code   RO          668    i.I2C_Master_ADDR   stm32f4xx_hal_i2c.o
    0x08001b78   0x08001b78   0x0000005a   Code   RO          669    i.I2C_Master_SB     stm32f4xx_hal_i2c.o
    0x08001bd2   0x08001bd2   0x00000002   PAD
    0x08001bd4   0x08001bd4   0x00000084   Code   RO          672    i.I2C_Slave_AF      stm32f4xx_hal_i2c.o
    0x08001c58   0x08001c58   0x000000dc   Code   RO          673    i.I2C_Slave_STOPF   stm32f4xx_hal_i2c.o
    0x08001d34   0x08001d34   0x00000034   Code   RO          150    i.MX_I2C1_Init      main.o
    0x08001d68   0x08001d68   0x00000002   Code   RO          380    i.MemManage_Handler  stm32f4xx_it.o
    0x08001d6a   0x08001d6a   0x00000002   Code   RO          381    i.NMI_Handler       stm32f4xx_it.o
    0x08001d6c   0x08001d6c   0x00000020   Code   RO         1911    i.NVIC_SetPriority  stm32f4xx_hal_cortex.o
    0x08001d8c   0x08001d8c   0x000000a0   Code   RO          151    i.StartDefaultTask  main.o
    0x08001e2c   0x08001e2c   0x0000000e   Code   RO          382    i.SysTick_Handler   stm32f4xx_it.o
    0x08001e3a   0x08001e3a   0x00000002   PAD
    0x08001e3c   0x08001e3c   0x0000009c   Code   RO          152    i.SystemClock_Config  main.o
    0x08001ed8   0x08001ed8   0x00000054   Code   RO         2200    i.SystemInit        system_stm32f4xx.o
    0x08001f2c   0x08001f2c   0x00000002   Code   RO          383    i.UsageFault_Handler  stm32f4xx_it.o
    0x08001f2e   0x08001f2e   0x00000002   Code   RO          153    i._Error_Handler    main.o
    0x08001f30   0x08001f30   0x0000000e   Code   RO         3334    i.__scatterload_copy  mc_w.l(handlers.o)
    0x08001f3e   0x08001f3e   0x00000002   Code   RO         3335    i.__scatterload_null  mc_w.l(handlers.o)
    0x08001f40   0x08001f40   0x0000000e   Code   RO         3336    i.__scatterload_zeroinit  mc_w.l(handlers.o)
    0x08001f4e   0x08001f4e   0x00000002   PAD
    0x08001f50   0x08001f50   0x000000bc   Code   RO          520    i.lcdCommand        lcd_hd44780_i2c.o
    0x0800200c   0x0800200c   0x000000e0   Code   RO          521    i.lcdInit           lcd_hd44780_i2c.o
    0x080020ec   0x080020ec   0x00000022   Code   RO          524    i.lcdPrintStr       lcd_hd44780_i2c.o
    0x0800210e   0x0800210e   0x00000002   PAD
    0x08002110   0x08002110   0x00000030   Code   RO          525    i.lcdSetCursorPosition  lcd_hd44780_i2c.o
    0x08002140   0x08002140   0x00000074   Code   RO          526    i.lcdWriteByte      lcd_hd44780_i2c.o
    0x080021b4   0x080021b4   0x00000088   Code   RO          154    i.main              main.o
    0x0800223c   0x0800223c   0x0000000c   Code   RO         2930    i.makeFreeRtosPriority  cmsis_os.o
    0x08002248   0x08002248   0x0000000a   Code   RO         2935    i.osKernelStart     cmsis_os.o
    0x08002252   0x08002252   0x00000014   Code   RO         2968    i.osSystickHandler  cmsis_os.o
    0x08002266   0x08002266   0x0000002e   Code   RO         2969    i.osThreadCreate    cmsis_os.o
    0x08002294   0x08002294   0x00000070   Code   RO         2635    i.prvAddCurrentTaskToDelayedList  tasks.o
    0x08002304   0x08002304   0x000000d0   Code   RO         2636    i.prvAddNewTaskToReadyList  tasks.o
    0x080023d4   0x080023d4   0x00000050   Code   RO         2637    i.prvCheckTasksWaitingTermination  tasks.o
    0x08002424   0x08002424   0x00000014   Code   RO         2638    i.prvDeleteTCB      tasks.o
    0x08002438   0x08002438   0x0000004c   Code   RO         2234    i.prvHeapInit       heap_4.o
    0x08002484   0x08002484   0x00000028   Code   RO         2639    i.prvIdleTask       tasks.o
    0x080024ac   0x080024ac   0x0000008e   Code   RO         2640    i.prvInitialiseNewTask  tasks.o
    0x0800253a   0x0800253a   0x00000002   PAD
    0x0800253c   0x0800253c   0x0000004c   Code   RO         2235    i.prvInsertBlockIntoFreeList  heap_4.o
    0x08002588   0x08002588   0x00000020   Code   RO         2641    i.prvResetNextTaskUnblockTime  tasks.o
    0x080025a8   0x080025a8   0x00000028   Code   RO         2296    i.prvTaskExitError  port.o
    0x080025d0   0x080025d0   0x000000d8   Code   RO         2236    i.pvPortMalloc      heap_4.o
    0x080026a8   0x080026a8   0x0000002c   Code   RO         2297    i.pxPortInitialiseStack  port.o
    0x080026d4   0x080026d4   0x00000024   Code   RO         2461    i.uxListRemove      list.o
    0x080026f8   0x080026f8   0x00000016   Code   RO         2462    i.vListInitialise   list.o
    0x0800270e   0x0800270e   0x00000006   Code   RO         2463    i.vListInitialiseItem  list.o
    0x08002714   0x08002714   0x00000030   Code   RO         2464    i.vListInsert       list.o
    0x08002744   0x08002744   0x00000018   Code   RO         2465    i.vListInsertEnd    list.o
    0x0800275c   0x0800275c   0x00000040   Code   RO         2299    i.vPortEnterCritical  port.o
    0x0800279c   0x0800279c   0x00000028   Code   RO         2300    i.vPortExitCritical  port.o
    0x080027c4   0x080027c4   0x0000005c   Code   RO         2237    i.vPortFree         heap_4.o
    0x08002820   0x08002820   0x00000020   Code   RO         2301    i.vPortSetupTimerInterrupt  port.o
    0x08002840   0x08002840   0x0000004c   Code   RO         2649    i.vTaskDelay        tasks.o
    0x0800288c   0x0800288c   0x0000008c   Code   RO         2650    i.vTaskDelayUntil   tasks.o
    0x08002918   0x08002918   0x00000068   Code   RO         2661    i.vTaskStartScheduler  tasks.o
    0x08002980   0x08002980   0x00000010   Code   RO         2663    i.vTaskSuspendAll   tasks.o
    0x08002990   0x08002990   0x0000005c   Code   RO         2664    i.vTaskSwitchContext  tasks.o
    0x080029ec   0x080029ec   0x000000e0   Code   RO         2303    i.xPortStartScheduler  port.o
    0x08002acc   0x08002acc   0x0000002c   Code   RO         2304    i.xPortSysTickHandler  port.o
    0x08002af8   0x08002af8   0x00000056   Code   RO         2666    i.xTaskCreate       tasks.o
    0x08002b4e   0x08002b4e   0x00000002   PAD
    0x08002b50   0x08002b50   0x0000001c   Code   RO         2670    i.xTaskGetSchedulerState  tasks.o
    0x08002b6c   0x08002b6c   0x0000000c   Code   RO         2671    i.xTaskGetTickCount  tasks.o
    0x08002b78   0x08002b78   0x000000c8   Code   RO         2673    i.xTaskIncrementTick  tasks.o
    0x08002c40   0x08002c40   0x000000c4   Code   RO         2679    i.xTaskResumeAll    tasks.o
    0x08002d04   0x08002d04   0x00000014   Data   RO          158    .constdata          main.o
    0x08002d18   0x08002d18   0x00000004   Data   RO          528    .constdata          lcd_hd44780_i2c.o
    0x08002d1c   0x08002d1c   0x00000008   Data   RO         1604    .constdata          stm32f4xx_hal_dma.o
    0x08002d24   0x08002d24   0x00000010   Data   RO         2201    .constdata          system_stm32f4xx.o
    0x08002d34   0x08002d34   0x00000008   Data   RO         2202    .constdata          system_stm32f4xx.o
    0x08002d3c   0x08002d3c   0x0000000c   Data   RO          159    .conststring        main.o
    0x08002d48   0x08002d48   0x00000020   Data   RO         3332    Region$$Table       anon$$obj.o


    Execution Region RW_IRAM1 (Exec base: 0x20000000, Load base: 0x08002d68, Size: 0x00004290, Max: 0x00020000, ABSOLUTE)

    Exec Addr    Load Addr    Size         Type   Attr      Idx    E Section Name        Object

    0x20000000   0x08002d68   0x00000004   Data   RW          160    .data               main.o
    0x20000004   0x08002d6c   0x00000006   Data   RW          529    .data               lcd_hd44780_i2c.o
    0x2000000a   0x08002d72   0x00000002   PAD
    0x2000000c   0x08002d74   0x0000000c   Data   RW         2053    .data               stm32f4xx_hal.o
    0x20000018   0x08002d80   0x00000004   Data   RW         2203    .data               system_stm32f4xx.o
    0x2000001c   0x08002d84   0x00000018   Data   RW         2242    .data               heap_4.o
    0x20000034   0x08002d9c   0x0000000c   Data   RW         2305    .data               port.o
    0x20000040   0x08002da8   0x0000003c   Data   RW         2682    .data               tasks.o
    0x2000007c        -       0x00000054   Zero   RW          155    .bss                main.o
    0x200000d0        -       0x00000060   Zero   RW          156    .bss                main.o
    0x20000130        -       0x00000060   Zero   RW          157    .bss                main.o
    0x20000190        -       0x0000000c   Zero   RW          527    .bss                lcd_hd44780_i2c.o
    0x2000019c        -       0x00003c00   Zero   RW         2241    .bss                heap_4.o
    0x20003d9c        -       0x000000f0   Zero   RW         2681    .bss                tasks.o
    0x20003e8c   0x08002de4   0x00000004   PAD
    0x20003e90        -       0x00000400   Zero   RW            1    STACK               startup_stm32f411xe.o


==============================================================================

Image component sizes


      Code (inc. data)   RO Data    RW Data    ZI Data      Debug   Object Name

        88          0          0          0          0      12722   cmsis_os.o
         0          0          0          0          0       8076   event_groups.o
         0          0          0          0          0       7380   freertos.o
       460         24          0         24      15360       7399   heap_4.o
         0          0          0          0          0     381908   i2c-lcd.o
       610         52          4          6         12       8707   lcd_hd44780_i2c.o
       136          0          0          0          0       3594   list.o
       506         94         32          4        276     391080   main.o
       674         74          0         12          0      11132   port.o
        36          8        408          0       1024        844   startup_stm32f411xe.o
       144         24          0         12          0       3997   stm32f4xx_hal.o
       218         14          0          0          0      31097   stm32f4xx_hal_cortex.o
       952         16          8          0          0       7141   stm32f4xx_hal_dma.o
       392         34          0          0          0       1756   stm32f4xx_hal_gpio.o
      3234         60          0          0          0      23278   stm32f4xx_hal_i2c.o
       376         58          0          0          0       1808   stm32f4xx_hal_msp.o
      1240         70          0          0          0       5085   stm32f4xx_hal_rcc.o
        74         24          0          0          0      12069   stm32f4xx_it.o
        84         18         24          4          0       1183   system_stm32f4xx.o
      1584        136          0         60        240      17941   tasks.o

    ----------------------------------------------------------------------
     10832        706        508        124      16916     938197   Object Totals
         0          0         32          0          0          0   (incl. Generated)
        24          0          0          2          4          0   (incl. Padding)

    ----------------------------------------------------------------------

      Code (inc. data)   RO Data    RW Data    ZI Data      Debug   Library Member Name

         0          0          0          0          0          0   entry.o
         0          0          0          0          0          0   entry10a.o
         0          0          0          0          0          0   entry11a.o
         8          4          0          0          0          0   entry2.o
         4          0          0          0          0          0   entry5.o
         0          0          0          0          0          0   entry7b.o
         0          0          0          0          0          0   entry8b.o
         8          4          0          0          0          0   entry9a.o
        30          0          0          0          0          0   handlers.o
        36          8          0          0          0         68   init.o
        30          0          0          0          0         68   llshl.o
        32          0          0          0          0         68   llushr.o
        36          0          0          0          0         68   memcpya.o
        98          0          0          0          0         92   uldiv.o

    ----------------------------------------------------------------------
       284         16          0          0          0        364   Library Totals
         2          0          0          0          0          0   (incl. Padding)

    ----------------------------------------------------------------------

      Code (inc. data)   RO Data    RW Data    ZI Data      Debug   Library Name

       282         16          0          0          0        364   mc_w.l

    ----------------------------------------------------------------------
       284         16          0          0          0        364   Library Totals

    ----------------------------------------------------------------------

==============================================================================


      Code (inc. data)   RO Data    RW Data    ZI Data      Debug   

     11116        722        508        124      16916     928061   Grand Totals
     11116        722        508        124      16916     928061   ELF Image Totals
     11116        722        508        124          0          0   ROM Totals

==============================================================================

    Total RO  Size (Code + RO Data)                11624 (  11.35kB)
    Total RW  Size (RW Data + ZI Data)             17040 (  16.64kB)
    Total ROM Size (Code + RO Data + RW Data)      11748 (  11.47kB)

==============================================================================

